Component: ARM Compiler 5.06 update 6 (build 750) Tool: armlink [4d35ed]

==============================================================================

Section Cross References

    main.o(.text) refers to delay.o(.text) for delay_init
    main.o(.text) refers to misc.o(.text) for NVIC_PriorityGroupConfig
    main.o(.text) refers to power.o(.text) for PowerInit
    main.o(.text) refers to exti.o(.text) for EXTIX_Init
    main.o(.text) refers to wkup.o(.text) for Check_WKUP
    main.o(.text) refers to led.o(.text) for LED_Init
    main.o(.text) refers to mcu_api.o(.text) for wifi_protocol_init
    main.o(.text) refers to usart.o(.text) for uart1_init
    main.o(.text) refers to rtc.o(.text) for RTC_Init
    main.o(.text) refers to adc.o(.text) for Adc_Init
    main.o(.text) refers to sht30.o(.text) for SHT30_IIC_Init
    main.o(.text) refers to pwm.o(.text) for PWM_Init
    main.o(.text) refers to oled.o(.text) for OLED_Init
    main.o(.text) refers to timer.o(.text) for TIM2_Int_Init
    main.o(.text) refers to oled_gui.o(.text) for StartUp
    main.o(.text) refers to oled_gui.o(.data) for GuiNum
    system_stm32f10x.o(.text) refers to system_stm32f10x.o(.data) for SystemCoreClock
    startup_stm32f10x_md.o(STACK) refers (Special) to heapauxi.o(.text) for __use_two_region_memory
    startup_stm32f10x_md.o(HEAP) refers (Special) to heapauxi.o(.text) for __use_two_region_memory
    startup_stm32f10x_md.o(RESET) refers (Special) to heapauxi.o(.text) for __use_two_region_memory
    startup_stm32f10x_md.o(RESET) refers to startup_stm32f10x_md.o(STACK) for __initial_sp
    startup_stm32f10x_md.o(RESET) refers to startup_stm32f10x_md.o(.text) for Reset_Handler
    startup_stm32f10x_md.o(RESET) refers to stm32f10x_it.o(.text) for NMI_Handler
    startup_stm32f10x_md.o(RESET) refers to rtc.o(.text) for RTC_IRQHandler
    startup_stm32f10x_md.o(RESET) refers to exti.o(.text) for EXTI0_IRQHandler
    startup_stm32f10x_md.o(RESET) refers to timer.o(.text) for TIM2_IRQHandler
    startup_stm32f10x_md.o(RESET) refers to usart.o(.text) for USART1_IRQHandler
    startup_stm32f10x_md.o(.text) refers (Special) to heapauxi.o(.text) for __use_two_region_memory
    startup_stm32f10x_md.o(.text) refers to system_stm32f10x.o(.text) for SystemInit
    startup_stm32f10x_md.o(.text) refers to __main.o(!!!main) for __main
    startup_stm32f10x_md.o(.text) refers to startup_stm32f10x_md.o(HEAP) for Heap_Mem
    startup_stm32f10x_md.o(.text) refers to startup_stm32f10x_md.o(STACK) for Stack_Mem
    stm32f10x_adc.o(.text) refers to stm32f10x_rcc.o(.text) for RCC_APB2PeriphResetCmd
    stm32f10x_bkp.o(.text) refers to stm32f10x_rcc.o(.text) for RCC_BackupResetCmd
    stm32f10x_can.o(.text) refers to stm32f10x_rcc.o(.text) for RCC_APB1PeriphResetCmd
    stm32f10x_cec.o(.text) refers to stm32f10x_rcc.o(.text) for RCC_APB1PeriphResetCmd
    stm32f10x_dac.o(.text) refers to stm32f10x_rcc.o(.text) for RCC_APB1PeriphResetCmd
    stm32f10x_gpio.o(.text) refers to stm32f10x_rcc.o(.text) for RCC_APB2PeriphResetCmd
    stm32f10x_i2c.o(.text) refers to stm32f10x_rcc.o(.text) for RCC_APB1PeriphResetCmd
    stm32f10x_pwr.o(.text) refers to stm32f10x_rcc.o(.text) for RCC_APB1PeriphResetCmd
    stm32f10x_rcc.o(.text) refers to stm32f10x_rcc.o(.data) for APBAHBPrescTable
    stm32f10x_spi.o(.text) refers to stm32f10x_rcc.o(.text) for RCC_APB2PeriphResetCmd
    stm32f10x_tim.o(.text) refers to stm32f10x_rcc.o(.text) for RCC_APB2PeriphResetCmd
    stm32f10x_usart.o(.text) refers to stm32f10x_rcc.o(.text) for RCC_APB2PeriphResetCmd
    stm32f10x_wwdg.o(.text) refers to stm32f10x_rcc.o(.text) for RCC_APB1PeriphResetCmd
    delay.o(.text) refers to misc.o(.text) for SysTick_CLKSourceConfig
    delay.o(.text) refers to system_stm32f10x.o(.data) for SystemCoreClock
    delay.o(.text) refers to delay.o(.data) for fac_us
    usart.o(.text) refers (Special) to use_no_semi_2.o(.text) for __use_no_semihosting
    usart.o(.text) refers to stm32f10x_rcc.o(.text) for RCC_APB2PeriphClockCmd
    usart.o(.text) refers to stm32f10x_gpio.o(.text) for GPIO_Init
    usart.o(.text) refers to misc.o(.text) for NVIC_Init
    usart.o(.text) refers to stm32f10x_usart.o(.text) for USART_Init
    usart.o(.text) refers to mcu_api.o(.text) for uart_receive_input
    usart.o(.data) refers (Special) to use_no_semi_2.o(.text) for __use_no_semihosting
    adc.o(.text) refers to stm32f10x_rcc.o(.text) for RCC_APB2PeriphClockCmd
    adc.o(.text) refers to stm32f10x_gpio.o(.text) for GPIO_Init
    adc.o(.text) refers to stm32f10x_adc.o(.text) for ADC_DeInit
    adc.o(.text) refers to dflt_clz.o(x$fpl$dfltu) for __aeabi_ui2d
    adc.o(.text) refers to dmul.o(x$fpl$dmul) for __aeabi_dmul
    adc.o(.text) refers to ddiv.o(x$fpl$ddiv) for __aeabi_ddiv
    adc.o(.text) refers to d2f.o(x$fpl$d2f) for __aeabi_d2f
    exti.o(.text) refers to key.o(.text) for KEY_Init
    exti.o(.text) refers to stm32f10x_rcc.o(.text) for RCC_APB2PeriphClockCmd
[...]
    x$fpl$ddiv                               0x080062d4   Section      688  ddiv.o(x$fpl$ddiv)
    ddiv_entry                               0x080062db   Thumb Code     0  ddiv.o(x$fpl$ddiv)
    x$fpl$dfix                               0x08006584   Section       94  dfix.o(x$fpl$dfix)
    x$fpl$dfltu                              0x080065e2   Section       38  dflt_clz.o(x$fpl$dfltu)
    x$fpl$dmul                               0x08006608   Section      340  dmul.o(x$fpl$dmul)
    x$fpl$dnaninf                            0x0800675c   Section      156  dnaninf.o(x$fpl$dnaninf)
    x$fpl$dretinf                            0x080067f8   Section       12  dretinf.o(x$fpl$dretinf)
    x$fpl$dsub                               0x08006804   Section      468  daddsub_clz.o(x$fpl$dsub)
    _dsub1                                   0x08006815   Thumb Code     0  daddsub_clz.o(x$fpl$dsub)
    x$fpl$f2d                                0x080069d8   Section       86  f2d.o(x$fpl$f2d)
    x$fpl$fadd                               0x08006a30   Section      196  faddsub_clz.o(x$fpl$fadd)
    _fadd1                                   0x08006a3f   Thumb Code     0  faddsub_clz.o(x$fpl$fadd)
    x$fpl$ffix                               0x08006af4   Section       54  ffix.o(x$fpl$ffix)
    x$fpl$ffixu                              0x08006b2c   Section       62  ffixu.o(x$fpl$ffixu)
    x$fpl$fflt                               0x08006b6c   Section       48  fflt_clz.o(x$fpl$fflt)
    x$fpl$ffltu                              0x08006b9c   Section       38  fflt_clz.o(x$fpl$ffltu)
    x$fpl$fmul                               0x08006bc4   Section      258  fmul.o(x$fpl$fmul)
    x$fpl$fnaninf                            0x08006cc6   Section      140  fnaninf.o(x$fpl$fnaninf)
    x$fpl$fretinf                            0x08006d52   Section       10  fretinf.o(x$fpl$fretinf)
    x$fpl$frsb                               0x08006d5c   Section       20  faddsub_clz.o(x$fpl$frsb)
    x$fpl$fsub                               0x08006d70   Section      234  faddsub_clz.o(x$fpl$fsub)
    _fsub1                                   0x08006d7f   Thumb Code     0  faddsub_clz.o(x$fpl$fsub)
    .constdata                               0x08006e5a   Section     9207  oled.o(.constdata)
    x$fpl$usenofp                            0x08006e5a   Section        0  usenofp.o(x$fpl$usenofp)
    .constdata                               0x08009251   Section       24  rtc.o(.constdata)
    .constdata                               0x08009269   Section       10  protocol.o(.constdata)
    .conststring                             0x08009274   Section       41  protocol.o(.conststring)
    .data                                    0x20000000   Section       20  system_stm32f10x.o(.data)
    .data                                    0x20000014   Section       20  stm32f10x_rcc.o(.data)
    APBAHBPrescTable                         0x20000014   Data          16  stm32f10x_rcc.o(.data)
    ADCPrescTable                            0x20000024   Data           4  stm32f10x_rcc.o(.data)
    .data                                    0x20000028   Section        4  delay.o(.data)
    fac_us                                   0x20000028   Data           1  delay.o(.data)
    fac_ms                                   0x2000002a   Data           2  delay.o(.data)
    .data                                    0x2000002c   Section        4  usart.o(.data)
    .data                                    0x20000030   Section        3  exti.o(.data)
    .data                                    0x20000033   Section        1  led.o(.data)
    .data                                    0x20000034   Section     4151  oled_gui.o(.data)
    t                                        0x20001068   Data           2  oled_gui.o(.data)
    min                                      0x2000106a   Data           1  oled_gui.o(.data)
    .data                                    0x2000106c   Section        2  rtc.o(.data)
    daycnt                                   0x2000106c   Data           2  rtc.o(.data)
    .data                                    0x20001070   Section        8  sht30.o(.data)
    .data                                    0x20001078   Section       13  timer.o(.data)
    t                                        0x20001084   Data           1  timer.o(.data)
    .data                                    0x20001085   Section        2  pwm.o(.data)
    .data                                    0x20001088   Section        2  mcu_api.o(.data)
    rx_in                                    0x20001088   Data           2  mcu_api.o(.data)
    .data                                    0x2000108c   Section       16  protocol.o(.data)
    .data                                    0x2000109c   Section       14  system.o(.data)
    mcu_reset_state                          0x200010a8   Data           1  system.o(.data)
    isWoSend                                 0x200010a9   Data           1  system.o(.data)
    .bss                                     0x200010ac   Section     1024  oled.o(.bss)
    .bss                                     0x200014ac   Section       10  rtc.o(.bss)
    .bss                                     0x200014b6   Section      325  system.o(.bss)
    .bss                                     0x200015fc   Section       96  libspace.o(.bss)
    HEAP                                     0x20001660   Section      512  startup_stm32f10x_md.o(HEAP)
    Heap_Mem                                 0x20001660   Data         512  startup_stm32f10x_md.o(HEAP)
    STACK                                    0x20001860   Section     1024  startup_stm32f10x_md.o(STACK)
    Stack_Mem                                0x20001860   Data        1024  startup_stm32f10x_md.o(STACK)
    __initial_sp                             0x20001c60   Data           0  startup_stm32f10x_md.o(STACK)

    Global Symbols

    Symbol Name                              Value     Ov Type        Size  Object(Section)

    BuildAttributes$$THM_ISAv4$P$D$K$B$S$PE$A:L22UL41UL21$X:L11$S22US41US21$IEEE1$IW$USESV6$~STKCKD$USESV7$~SHL$OSPACE$ROPI$EBA8$UX$STANDARDLIB$REQ8$PRES8$EABIv2 0x00000000   Number         0  anon$$obj.o ABSOLUTE
    __ARM_use_no_argv                        0x00000000   Number         0  main.o ABSOLUTE
    _printf_flags                            0x00000000   Number         0  printf_stubs.o ABSOLUTE
    _printf_return_value                     0x00000000   Number         0  printf_stubs.o ABSOLUTE
    _printf_sizespec                         0x00000000   Number         0  printf_stubs.o ABSOLUTE
    _printf_widthprec                        0x00000000   Number         0  printf_stubs.o ABSOLUTE
    __ARM_exceptions_init                     - Undefined Weak Reference
    __alloca_initialize                       - Undefined Weak Reference
    __arm_preinit_                            - Undefined Weak Reference
    __cpp_initialize__aeabi_                  - Undefined Weak Reference
    __cxa_finalize                            - Undefined Weak Reference
    __rt_locale                               - Undefined Weak Reference
    __sigvec_lookup                           - Undefined Weak Reference
    _atexit_init                              - Undefined Weak Reference
    _call_atexit_fns                          - Undefined Weak Reference
    _clock_init                               - Undefined Weak Reference
    _fp_trap_init                             - Undefined Weak Reference
    _fp_trap_shutdown                         - Undefined Weak Reference
    _get_lc_collate                           - Undefined Weak Reference
    _get_lc_ctype                             - Undefined Weak Reference
    _get_lc_monetary                          - Undefined Weak Reference
    _get_lc_numeric                           - Undefined Weak Reference
    _get_lc_time                              - Undefined Weak Reference
    _getenv_init                              - Undefined Weak Reference
    _handle_redirection                       - Undefined Weak Reference
    _init_alloc                               - Undefined Weak Reference
    _init_user_alloc                          - Undefined Weak Reference
    _initio                                   - Undefined Weak Reference
    _mutex_acquire                            - Undefined Weak Reference
    _mutex_release                            - Undefined Weak Reference
    _printf_mbtowc                            - Undefined Weak Reference
    _printf_post_padding                      - Undefined Weak Reference
    _printf_pre_padding                       - Undefined Weak Reference
    _printf_truncate_signed                   - Undefined Weak Reference
    _printf_truncate_unsigned                 - Undefined Weak Reference
    _rand_init                                - Undefined Weak Reference
    _signal_finish                            - Undefined Weak Reference
    _signal_init                              - Undefined Weak Reference
    _terminate_alloc                          - Undefined Weak Reference
    _terminate_user_alloc                     - Undefined Weak Reference
    _terminateio                              - Undefined Weak Reference
    __Vectors_Size                           0x000000ec   Number         0  startup_stm32f10x_md.o ABSOLUTE
    __Vectors                                0x08000000   Data           4  startup_stm32f10x_md.o(RESET)
    __Vectors_End                            0x080000ec   Data           0  startup_stm32f10x_md.o(RESET)
    __main                                   0x080000ed   Thumb Code     8  __main.o(!!!main)
    __scatterload                            0x080000f5   Thumb Code     0  __scatter.o(!!!scatter)
    __scatterload_rt2                        0x080000f5   Thumb Code    44  __scatter.o(!!!scatter)
    __scatterload_rt2_thumb_only             0x080000f5   Thumb Code     0  __scatter.o(!!!scatter)
    __scatterload_null                       0x08000103   Thumb Code     0  __scatter.o(!!!scatter)
    __decompress                             0x08000129   Thumb Code    90  __dczerorl2.o(!!dczerorl2)
    __decompress1                            0x08000129   Thumb Code     0  __dczerorl2.o(!!dczerorl2)
    __scatterload_zeroinit                   0x08000185   Thumb Code    28  __scatter_zi.o(!!handler_zi)
    _printf_d                                0x080001a1   Thumb Code     0  _printf_d.o(.ARM.Collect$$_printf_percent$$00000009)
    _printf_percent                          0x080001a1   Thumb Code     0  _printf_percent.o(.ARM.Collect$$_printf_percent$$00000000)
    _printf_s                                0x080001a7   Thumb Code     0  _printf_s.o(.ARM.Collect$$_printf_percent$$00000014)
    _printf_percent_end                      0x080001ad   Thumb Code     0  _printf_percent_end.o(.ARM.Collect$$_printf_percent$$00000017)
    __rt_lib_init                            0x080001b1   Thumb Code     0  libinit.o(.ARM.Collect$$libinit$$00000000)
    __rt_lib_init_alloca_1                   0x080001b3   Thumb Code     0  libinit2.o(.ARM.Collect$$libinit$$0000002E)
    __rt_lib_init_argv_1                     0x080001b3   Thumb Code     0  libinit2.o(.ARM.Collect$$libinit$$0000002C)
    __rt_lib_init_atexit_1                   0x080001b3   Thumb Code     0  libinit2.o(.ARM.Collect$$libinit$$0000001B)
    __rt_lib_init_clock_1                    0x080001b3   Thumb Code     0  libinit2.o(.ARM.Collect$$libinit$$00000021)
    __rt_lib_init_cpp_1                      0x080001b3   Thumb Code     0  libinit2.o(.ARM.Collect$$libinit$$00000032)
    __rt_lib_init_exceptions_1               0x080001b3   Thumb Code     0  libinit2.o(.ARM.Collect$$libinit$$00000030)
    __rt_lib_init_fp_1                       0x080001b3   Thumb Code     0  libinit2.o(.ARM.Collect$$libinit$$00000002)
    __rt_lib_init_fp_trap_1                  0x080001b3   Thumb Code     0  libinit2.o(.ARM.Collect$$libinit$$0000001F)
    __rt_lib_init_getenv_1                   0x080001b3   Thumb Code     0  libinit2.o(.ARM.Collect$$libinit$$00000023)
    __rt_lib_init_heap_1                     0x080001b3   Thumb Code     0  libinit2.o(.ARM.Collect$$libinit$$0000000A)
    __rt_lib_init_lc_collate_1               0x080001b3   Thumb Code     0  libinit2.o(.ARM.Collect$$libinit$$00000011)
    __rt_lib_init_lc_ctype_1                 0x080001b3   Thumb Code     0  libinit2.o(.ARM.Collect$$libinit$$00000013)
    __rt_lib_init_lc_monetary_1              0x080001b3   Thumb Code     0  libinit2.o(.ARM.Collect$$libinit$$00000015)
    __rt_lib_init_lc_numeric_1               0x080001b3   Thumb Code     0  libinit2.o(.ARM.Collect$$libinit$$00000017)
    __rt_lib_init_lc_time_1                  0x080001b3   Thumb Code     0  libinit2.o(.ARM.Collect$$libinit$$00000019)
    __rt_lib_init_preinit_1                  0x080001b3   Thumb Code     0  libinit2.o(.ARM.Collect$$libinit$$00000004)
    __rt_lib_init_rand_1                     0x080001b3   Thumb Code     0  libinit2.o(.ARM.Collect$$libinit$$0000000E)
    __rt_lib_init_return                     0x080001b3   Thumb Code     0  libinit2.o(.ARM.Collect$$libinit$$00000033)
    __rt_lib_init_signal_1                   0x080001b3   Thumb Code     0  libinit2.o(.ARM.Collect$$libinit$$0000001D)
    __rt_lib_init_stdio_1                    0x080001b3   Thumb Code     0  libinit2.o(.ARM.Collect$$libinit$$00000025)
    __rt_lib_init_user_alloc_1               0x080001b3   Thumb Code     0  libinit2.o(.ARM.Collect$$libinit$$0000000C)
    __rt_lib_shutdown                        0x080001b5   Thumb Code     0  libshutdown.o(.ARM.Collect$$libshutdown$$00000000)
    __rt_lib_shutdown_cpp_1                  0x080001b7   Thumb Code     0  libshutdown2.o(.ARM.Collect$$libshutdown$$00000002)
    __rt_lib_shutdown_fp_trap_1              0x080001b7   Thumb Code     0  libshutdown2.o(.ARM.Collect$$libshutdown$$00000007)
    __rt_lib_shutdown_heap_1                 0x080001b7   Thumb Code     0  libshutdown2.o(.ARM.Collect$$libshutdown$$0000000F)
    __rt_lib_shutdown_return                 0x080001b7   Thumb Code     0  libshutdown2.o(.ARM.Collect$$libshutdown$$00000010)
    __rt_lib_shutdown_signal_1               0x080001b7   Thumb Code     0  libshutdown2.o(.ARM.Collect$$libshutdown$$0000000A)
    __rt_lib_shutdown_stdio_1                0x080001b7   Thumb Code     0  libshutdown2.o(.ARM.Collect$$libshutdown$$00000004)
    __rt_lib_shutdown_user_alloc_1           0x080001b7   Thumb Code     0  libshutdown2.o(.ARM.Collect$$libshutdown$$0000000C)
    __rt_entry                               0x080001b9   Thumb Code     0  __rtentry.o(.ARM.Collect$$rtentry$$00000000)
    __rt_entry_presh_1                       0x080001b9   Thumb Code     0  __rtentry2.o(.ARM.Collect$$rtentry$$00000002)
    __rt_entry_sh                            0x080001b9   Thumb Code     0  __rtentry4.o(.ARM.Collect$$rtentry$$00000004)
    __rt_entry_li                            0x080001bf   Thumb Code     0  __rtentry2.o(.ARM.Collect$$rtentry$$0000000A)
    __rt_entry_postsh_1                      0x080001bf   Thumb Code     0  __rtentry2.o(.ARM.Collect$$rtentry$$00000009)
    __rt_entry_main                          0x080001c3   Thumb Code     0  __rtentry2.o(.ARM.Collect$$rtentry$$0000000D)
    __rt_entry_postli_1                      0x080001c3   Thumb Code     0  __rtentry2.o(.ARM.Collect$$rtentry$$0000000C)
    __rt_exit                                0x080001cb   Thumb Code     0  rtexit.o(.ARM.Collect$$rtexit$$00000000)
    __rt_exit_ls                             0x080001cd   Thumb Code     0  rtexit2.o(.ARM.Collect$$rtexit$$00000003)
    __rt_exit_prels_1                        0x080001cd   Thumb Code     0  rtexit2.o(.ARM.Collect$$rtexit$$00000002)
    __rt_exit_exit                           0x080001d1   Thumb Code     0  rtexit2.o(.ARM.Collect$$rtexit$$00000004)
    main                                     0x080001d9   Thumb Code   164  main.o(.text)
    NMI_Handler                              0x08000281   Thumb Code     2  stm32f10x_it.o(.text)
    HardFault_Handler                        0x08000283   Thumb Code     4  stm32f10x_it.o(.text)
    MemManage_Handler                        0x08000287   Thumb Code     4  stm32f10x_it.o(.text)
    BusFault_Handler                         0x0800028b   Thumb Code     4  stm32f10x_it.o(.text)
    UsageFault_Handler                       0x0800028f   Thumb Code     4  stm32f10x_it.o(.text)
    SVC_Handler                              0x08000293   Thumb Code     2  stm32f10x_it.o(.text)
    DebugMon_Handler                         0x08000295   Thumb Code     2  stm32f10x_it.o(.text)
    PendSV_Handler                           0x08000297   Thumb Code     2  stm32f10x_it.o(.text)
    SysTick_Handler                          0x08000299   Thumb Code     2  stm32f10x_it.o(.text)
    SystemInit                               0x0800037b   Thumb Code    78  system_stm32f10x.o(.text)
    SystemCoreClockUpdate                    0x080003c9   Thumb Code   142  system_stm32f10x.o(.text)
    Reset_Handler                            0x0800047d   Thumb Code     8  startup_stm32f10x_md.o(.text)
    ADC1_2_IRQHandler                        0x08000497   Thumb Code     0  startup_stm32f10x_md.o(.text)
    CAN1_RX1_IRQHandler                      0x08000497   Thumb Code     0  startup_stm32f10x_md.o(.text)
    CAN1_SCE_IRQHandler                      0x08000497   Thumb Code     0  startup_stm32f10x_md.o(.text)
    DMA1_Channel1_IRQHandler                 0x08000497   Thumb Code     0  startup_stm32f10x_md.o(.text)
    DMA1_Channel2_IRQHandler                 0x08000497   Thumb Code     0  startup_stm32f10x_md.o(.text)
    DMA1_Channel3_IRQHandler                 0x08000497   Thumb Code     0  startup_stm32f10x_md.o(.text)
    DMA1_Channel4_IRQHandler                 0x08000497   Thumb Code     0  startup_stm32f10x_md.o(.text)
    DMA1_Channel5_IRQHandler                 0x08000497   Thumb Code     0  startup_stm32f10x_md.o(.text)
    DMA1_Channel6_IRQHandler                 0x08000497   Thumb Code     0  startup_stm32f10x_md.o(.text)
    DMA1_Channel7_IRQHandler                 0x08000497   Thumb Code     0  startup_stm32f10x_md.o(.text)
    EXTI15_10_IRQHandler                     0x08000497   Thumb Code     0  startup_stm32f10x_md.o(.text)
    EXTI2_IRQHandler                         0x08000497   Thumb Code     0  startup_stm32f10x_md.o(.text)
    EXTI3_IRQHandler                         0x08000497   Thumb Code     0  startup_stm32f10x_md.o(.text)
    EXTI4_IRQHandler                         0x08000497   Thumb Code     0  startup_stm32f10x_md.o(.text)
    EXTI9_5_IRQHandler                       0x08000497   Thumb Code     0  startup_stm32f10x_md.o(.text)
    FLASH_IRQHandler                         0x08000497   Thumb Code     0  startup_stm32f10x_md.o(.text)
    I2C1_ER_IRQHandler                       0x08000497   Thumb Code     0  startup_stm32f10x_md.o(.text)
    I2C1_EV_IRQHandler                       0x08000497   Thumb Code     0  startup_stm32f10x_md.o(.text)
    I2C2_ER_IRQHandler                       0x08000497   Thumb Code     0  startup_stm32f10x_md.o(.text)
    I2C2_EV_IRQHandler                       0x08000497   Thumb Code     0  startup_stm32f10x_md.o(.text)
    PVD_IRQHandler                           0x08000497   Thumb Code     0  startup_stm32f10x_md.o(.text)
    RCC_IRQHandler                           0x08000497   Thumb Code     0  startup_stm32f10x_md.o(.text)
    RTCAlarm_IRQHandler                      0x08000497   Thumb Code     0  startup_stm32f10x_md.o(.text)
    SPI1_IRQHandler                          0x08000497   Thumb Code     0  startup_stm32f10x_md.o(.text)
    SPI2_IRQHandler                          0x08000497   Thumb Code     0  startup_stm32f10x_md.o(.text)
    TAMPER_IRQHandler                        0x08000497   Thumb Code     0  startup_stm32f10x_md.o(.text)
    TIM1_BRK_IRQHandler                      0x08000497   Thumb Code     0  startup_stm32f10x_md.o(.text)
    TIM1_CC_IRQHandler                       0x08000497   Thumb Code     0  startup_stm32f10x_md.o(.text)
    TIM1_TRG_COM_IRQHandler                  0x08000497   Thumb Code     0  startup_stm32f10x_md.o(.text)
    TIM1_UP_IRQHandler                       0x08000497   Thumb Code     0  startup_stm32f10x_md.o(.text)
    TIM3_IRQHandler                          0x08000497   Thumb Code     0  startup_stm32f10x_md.o(.text)
    TIM4_IRQHandler                          0x08000497   Thumb Code     0  startup_stm32f10x_md.o(.text)
    USART3_IRQHandler                        0x08000497   Thumb Code     0  startup_stm32f10x_md.o(.text)
    USBWakeUp_IRQHandler                     0x08000497   Thumb Code     0  startup_stm32f10x_md.o(.text)
    USB_HP_CAN1_TX_IRQHandler                0x08000497   Thumb Code     0  startup_stm32f10x_md.o(.text)
    USB_LP_CAN1_RX0_IRQHandler               0x08000497   Thumb Code     0  startup_stm32f10x_md.o(.text)
    WWDG_IRQHandler                          0x08000497   Thumb Code     0  startup_stm32f10x_md.o(.text)
    __user_initial_stackheap                 0x08000499   Thumb Code     0  startup_stm32f10x_md.o(.text)
    NVIC_PriorityGroupConfig                 0x080004bd   Thumb Code    10  misc.o(.text)
    NVIC_Init                                0x080004c7   Thumb Code   100  misc.o(.text)
    NVIC_SetVectorTable                      0x0800052b   Thumb Code    14  misc.o(.text)
    NVIC_SystemLPConfig                      0x08000539   Thumb Code    34  misc.o(.text)
    SysTick_CLKSourceConfig                  0x0800055b   Thumb Code    40  misc.o(.text)
    ADC_DeInit                               0x08000599   Thumb Code    78  stm32f10x_adc.o(.text)
    ADC_Init                                 0x080005e7   Thumb Code    70  stm32f10x_adc.o(.text)
    ADC_StructInit                           0x0800062d   Thumb Code    18  stm32f10x_adc.o(.text)
    ADC_Cmd                                  0x0800063f   Thumb Code    22  stm32f10x_adc.o(.text)
    ADC_DMACmd                               0x08000655   Thumb Code    22  stm32f10x_adc.o(.text)
    ADC_ITConfig                             0x0800066b   Thumb Code    24  stm32f10x_adc.o(.text)
    ADC_ResetCalibration                     0x08000683   Thumb Code    10  stm32f10x_adc.o(.text)
    ADC_GetResetCalibrationStatus            0x0800068d   Thumb Code    20  stm32f10x_adc.o(.text)
    ADC_StartCalibration                     0x080006a1   Thumb Code    10  stm32f10x_adc.o(.text)
    ADC_GetCalibrationStatus                 0x080006ab   Thumb Code    20  stm32f10x_adc.o(.text)
    ADC_SoftwareStartConvCmd                 0x080006bf   Thumb Code    22  stm32f10x_adc.o(.text)
    ADC_GetSoftwareStartConvStatus           0x080006d5   Thumb Code    20  stm32f10x_adc.o(.text)
    ADC_DiscModeChannelCountConfig           0x080006e9   Thumb Code    24  stm32f10x_adc.o(.text)
    ADC_DiscModeCmd                          0x08000701   Thumb Code    22  stm32f10x_adc.o(.text)
    ADC_RegularChannelConfig                 0x08000717   Thumb Code   184  stm32f10x_adc.o(.text)
    ADC_ExternalTrigConvCmd                  0x080007cf   Thumb Code    22  stm32f10x_adc.o(.text)
    ADC_GetConversionValue                   0x080007e5   Thumb Code     8  stm32f10x_adc.o(.text)
    ADC_GetDualModeConversionValue           0x080007ed   Thumb Code     8  stm32f10x_adc.o(.text)
    ADC_AutoInjectedConvCmd                  0x080007f5   Thumb Code    22  stm32f10x_adc.o(.text)
    ADC_InjectedDiscModeCmd                  0x0800080b   Thumb Code    22  stm32f10x_adc.o(.text)
    ADC_ExternalTrigInjectedConvConfig       0x08000821   Thumb Code    16  stm32f10x_adc.o(.text)
    ADC_ExternalTrigInjectedConvCmd          0x08000831   Thumb Code    22  stm32f10x_adc.o(.text)
    ADC_SoftwareStartInjectedConvCmd         0x08000847   Thumb Code    22  stm32f10x_adc.o(.text)
    ADC_GetSoftwareStartInjectedConvCmdStatus 0x0800085d   Thumb Code    20  stm32f10x_adc.o(.text)
    ADC_InjectedChannelConfig                0x08000871   Thumb Code   130  stm32f10x_adc.o(.text)
    ADC_InjectedSequencerLengthConfig        0x080008f3   Thumb Code    24  stm32f10x_adc.o(.text)
    ADC_SetInjectedOffset                    0x0800090b   Thumb Code    20  stm32f10x_adc.o(.text)
    ADC_GetInjectedConversionValue           0x0800091f   Thumb Code    28  stm32f10x_adc.o(.text)
    ADC_AnalogWatchdogCmd                    0x0800093b   Thumb Code    16  stm32f10x_adc.o(.text)
    ADC_AnalogWatchdogThresholdsConfig       0x0800094b   Thumb Code     6  stm32f10x_adc.o(.text)
    ADC_AnalogWatchdogSingleChannelConfig    0x08000951   Thumb Code    16  stm32f10x_adc.o(.text)
    ADC_TempSensorVrefintCmd                 0x08000961   Thumb Code    64  stm32f10x_adc.o(.text)
    ADC_GetFlagStatus                        0x080009a1   Thumb Code    18  stm32f10x_adc.o(.text)
    ADC_ClearFlag                            0x080009b3   Thumb Code     6  stm32f10x_adc.o(.text)
    ADC_GetITStatus                          0x080009b9   Thumb Code    36  stm32f10x_adc.o(.text)
    ADC_ClearITPendingBit                    0x080009dd   Thumb Code    10  stm32f10x_adc.o(.text)
    BKP_DeInit                               0x080009e9   Thumb Code    16  stm32f10x_bkp.o(.text)
    BKP_TamperPinLevelConfig                 0x080009f9   Thumb Code     6  stm32f10x_bkp.o(.text)
    BKP_TamperPinCmd                         0x080009ff   Thumb Code     8  stm32f10x_bkp.o(.text)
    BKP_ITConfig                             0x08000a07   Thumb Code     8  stm32f10x_bkp.o(.text)
    BKP_RTCOutputConfig                      0x08000a0f   Thumb Code    22  stm32f10x_bkp.o(.text)
    BKP_SetRTCCalibrationValue               0x08000a25   Thumb Code    22  stm32f10x_bkp.o(.text)
    BKP_WriteBackupRegister                  0x08000a3b   Thumb Code    24  stm32f10x_bkp.o(.text)
    BKP_ReadBackupRegister                   0x08000a53   Thumb Code    26  stm32f10x_bkp.o(.text)
    BKP_GetFlagStatus                        0x08000a6d   Thumb Code    10  stm32f10x_bkp.o(.text)
    BKP_ClearFlag                            0x08000a77   Thumb Code    18  stm32f10x_bkp.o(.text)
    BKP_GetITStatus                          0x08000a89   Thumb Code    10  stm32f10x_bkp.o(.text)
    BKP_ClearITPendingBit                    0x08000a93   Thumb Code    18  stm32f10x_bkp.o(.text)
    EXTI_DeInit                              0x08000aad   Thumb Code    28  stm32f10x_exti.o(.text)
    EXTI_Init                                0x08000ac9   Thumb Code   142  stm32f10x_exti.o(.text)
    EXTI_StructInit                          0x08000b57   Thumb Code    16  stm32f10x_exti.o(.text)
    EXTI_GenerateSWInterrupt                 0x08000b67   Thumb Code    16  stm32f10x_exti.o(.text)
    EXTI_GetFlagStatus                       0x08000b77   Thumb Code    22  stm32f10x_exti.o(.text)
    EXTI_ClearFlag                           0x08000b8d   Thumb Code     8  stm32f10x_exti.o(.text)
    EXTI_GetITStatus                         0x08000b95   Thumb Code    34  stm32f10x_exti.o(.text)
    EXTI_ClearITPendingBit                   0x08000bb7   Thumb Code     8  stm32f10x_exti.o(.text)
    GPIO_DeInit                              0x08000bc9   Thumb Code   172  stm32f10x_gpio.o(.text)
    GPIO_AFIODeInit                          0x08000c75   Thumb Code    20  stm32f10x_gpio.o(.text)
    GPIO_Init                                0x08000c89   Thumb Code   278  stm32f10x_gpio.o(.text)
    GPIO_StructInit                          0x08000d9f   Thumb Code    16  stm32f10x_gpio.o(.text)
    GPIO_ReadInputDataBit                    0x08000daf   Thumb Code    18  stm32f10x_gpio.o(.text)
    GPIO_ReadInputData                       0x08000dc1   Thumb Code     8  stm32f10x_gpio.o(.text)
    GPIO_ReadOutputDataBit                   0x08000dc9   Thumb Code    18  stm32f10x_gpio.o(.text)
    GPIO_ReadOutputData                      0x08000ddb   Thumb Code     8  stm32f10x_gpio.o(.text)
    GPIO_SetBits                             0x08000de3   Thumb Code     4  stm32f10x_gpio.o(.text)
    GPIO_ResetBits                           0x08000de7   Thumb Code     4  stm32f10x_gpio.o(.text)
    GPIO_WriteBit                            0x08000deb   Thumb Code    10  stm32f10x_gpio.o(.text)
    GPIO_Write                               0x08000df5   Thumb Code     4  stm32f10x_gpio.o(.text)
    GPIO_PinLockConfig                       0x08000df9   Thumb Code    18  stm32f10x_gpio.o(.text)
    GPIO_EventOutputConfig                   0x08000e0b   Thumb Code    26  stm32f10x_gpio.o(.text)
    GPIO_EventOutputCmd                      0x08000e25   Thumb Code     6  stm32f10x_gpio.o(.text)
    GPIO_PinRemapConfig                      0x08000e2b   Thumb Code   138  stm32f10x_gpio.o(.text)
    GPIO_EXTILineConfig                      0x08000eb5   Thumb Code    66  stm32f10x_gpio.o(.text)
    GPIO_ETH_MediaInterfaceConfig            0x08000ef7   Thumb Code     8  stm32f10x_gpio.o(.text)
    PWR_DeInit                               0x08000f25   Thumb Code    22  stm32f10x_pwr.o(.text)
    PWR_BackupAccessCmd                      0x08000f3b   Thumb Code     6  stm32f10x_pwr.o(.text)
    PWR_PVDCmd                               0x08000f41   Thumb Code     6  stm32f10x_pwr.o(.text)
    PWR_PVDLevelConfig                       0x08000f47   Thumb Code    18  stm32f10x_pwr.o(.text)
    PWR_WakeUpPinCmd                         0x08000f59   Thumb Code     8  stm32f10x_pwr.o(.text)
    PWR_EnterSTOPMode                        0x08000f61   Thumb Code    54  stm32f10x_pwr.o(.text)
    PWR_EnterSTANDBYMode                     0x08000f97   Thumb Code    42  stm32f10x_pwr.o(.text)
    PWR_GetFlagStatus                        0x08000fc1   Thumb Code    20  stm32f10x_pwr.o(.text)
    PWR_ClearFlag                            0x08000fd5   Thumb Code    14  stm32f10x_pwr.o(.text)
    RCC_DeInit                               0x08000ff1   Thumb Code    64  stm32f10x_rcc.o(.text)
    RCC_HSEConfig                            0x08001031   Thumb Code    70  stm32f10x_rcc.o(.text)
    RCC_GetFlagStatus                        0x08001077   Thumb Code    56  stm32f10x_rcc.o(.text)
    RCC_WaitForHSEStartUp                    0x080010af   Thumb Code    56  stm32f10x_rcc.o(.text)
    RCC_AdjustHSICalibrationValue            0x080010e7   Thumb Code    20  stm32f10x_rcc.o(.text)
    RCC_HSICmd                               0x080010fb   Thumb Code     6  stm32f10x_rcc.o(.text)
    RCC_PLLConfig                            0x08001101   Thumb Code    24  stm32f10x_rcc.o(.text)
    RCC_PLLCmd                               0x08001119   Thumb Code     6  stm32f10x_rcc.o(.text)
    RCC_SYSCLKConfig                         0x0800111f   Thumb Code    18  stm32f10x_rcc.o(.text)
    RCC_GetSYSCLKSource                      0x08001131   Thumb Code    10  stm32f10x_rcc.o(.text)
    RCC_HCLKConfig                           0x0800113b   Thumb Code    18  stm32f10x_rcc.o(.text)
    RCC_PCLK1Config                          0x0800114d   Thumb Code    18  stm32f10x_rcc.o(.text)
    RCC_PCLK2Config                          0x0800115f   Thumb Code    20  stm32f10x_rcc.o(.text)
    RCC_ITConfig                             0x08001173   Thumb Code    26  stm32f10x_rcc.o(.text)
    RCC_USBCLKConfig                         0x0800118d   Thumb Code     8  stm32f10x_rcc.o(.text)
    RCC_ADCCLKConfig                         0x08001195   Thumb Code    18  stm32f10x_rcc.o(.text)
    RCC_LSEConfig                            0x080011a7   Thumb Code    50  stm32f10x_rcc.o(.text)
    RCC_LSICmd                               0x080011d9   Thumb Code     6  stm32f10x_rcc.o(.text)
    RCC_RTCCLKConfig                         0x080011df   Thumb Code    12  stm32f10x_rcc.o(.text)
    RCC_RTCCLKCmd                            0x080011eb   Thumb Code     8  stm32f10x_rcc.o(.text)
    RCC_GetClocksFreq                        0x080011f3   Thumb Code   192  stm32f10x_rcc.o(.text)
    RCC_AHBPeriphClockCmd                    0x080012b3   Thumb Code    26  stm32f10x_rcc.o(.text)
    RCC_APB2PeriphClockCmd                   0x080012cd   Thumb Code    26  stm32f10x_rcc.o(.text)
    RCC_APB1PeriphClockCmd                   0x080012e7   Thumb Code    26  stm32f10x_rcc.o(.text)
    RCC_APB2PeriphResetCmd                   0x08001301   Thumb Code    26  stm32f10x_rcc.o(.text)
    RCC_APB1PeriphResetCmd                   0x0800131b   Thumb Code    26  stm32f10x_rcc.o(.text)
    RCC_BackupResetCmd                       0x08001335   Thumb Code     8  stm32f10x_rcc.o(.text)
    RCC_ClockSecuritySystemCmd               0x0800133d   Thumb Code     6  stm32f10x_rcc.o(.text)
    RCC_MCOConfig                            0x08001343   Thumb Code     6  stm32f10x_rcc.o(.text)
    RCC_ClearFlag                            0x08001349   Thumb Code    14  stm32f10x_rcc.o(.text)
    RCC_GetITStatus                          0x08001357   Thumb Code    20  stm32f10x_rcc.o(.text)
    RCC_ClearITPendingBit                    0x0800136b   Thumb Code     6  stm32f10x_rcc.o(.text)
    RTC_ITConfig                             0x08001395   Thumb Code    26  stm32f10x_rtc.o(.text)
    RTC_EnterConfigMode                      0x080013af   Thumb Code    18  stm32f10x_rtc.o(.text)
    RTC_ExitConfigMode                       0x080013c1   Thumb Code    20  stm32f10x_rtc.o(.text)
    RTC_GetCounter                           0x080013d5   Thumb Code    18  stm32f10x_rtc.o(.text)
    RTC_SetCounter                           0x080013e7   Thumb Code    26  stm32f10x_rtc.o(.text)
    RTC_SetPrescaler                         0x08001401   Thumb Code    28  stm32f10x_rtc.o(.text)
    RTC_SetAlarm                             0x0800141d   Thumb Code    26  stm32f10x_rtc.o(.text)
    RTC_GetDivider                           0x08001437   Thumb Code    22  stm32f10x_rtc.o(.text)
    RTC_WaitForLastTask                      0x0800144d   Thumb Code    18  stm32f10x_rtc.o(.text)
    RTC_WaitForSynchro                       0x0800145f   Thumb Code    36  stm32f10x_rtc.o(.text)
    RTC_GetFlagStatus                        0x08001483   Thumb Code    22  stm32f10x_rtc.o(.text)
    RTC_ClearFlag                            0x08001499   Thumb Code    16  stm32f10x_rtc.o(.text)
    RTC_GetITStatus                          0x080014a9   Thumb Code    32  stm32f10x_rtc.o(.text)
    RTC_ClearITPendingBit                    0x080014c9   Thumb Code    16  stm32f10x_rtc.o(.text)
    TIM_DeInit                               0x080014dd   Thumb Code   424  stm32f10x_tim.o(.text)
    TIM_TimeBaseInit                         0x08001685   Thumb Code   122  stm32f10x_tim.o(.text)
    TIM_OC1Init                              0x080016ff   Thumb Code   132  stm32f10x_tim.o(.text)
    TIM_OC2Init                              0x08001783   Thumb Code   154  stm32f10x_tim.o(.text)
    TIM_OC3Init                              0x0800181d   Thumb Code   150  stm32f10x_tim.o(.text)
    TIM_OC4Init                              0x080018b3   Thumb Code   182  stm32f10x_tim.o(.text)
    TIM_SetIC4Prescaler                      0x08001969   Thumb Code    26  stm32f10x_tim.o(.text)
    TIM_SetIC3Prescaler                      0x08001a05   Thumb Code    18  stm32f10x_tim.o(.text)
    TIM_SetIC2Prescaler                      0x08001a91   Thumb Code    26  stm32f10x_tim.o(.text)
    TIM_SetIC1Prescaler                      0x08001b2d   Thumb Code    18  stm32f10x_tim.o(.text)
    TIM_ICInit                               0x08001bab   Thumb Code   150  stm32f10x_tim.o(.text)
    TIM_PWMIConfig                           0x08001c41   Thumb Code   124  stm32f10x_tim.o(.text)
    TIM_BDTRConfig                           0x08001cbd   Thumb Code    32  stm32f10x_tim.o(.text)
    TIM_TimeBaseStructInit                   0x08001cdd   Thumb Code    18  stm32f10x_tim.o(.text)
    TIM_OCStructInit                         0x08001cef   Thumb Code    20  stm32f10x_tim.o(.text)
    TIM_ICStructInit                         0x08001d03   Thumb Code    18  stm32f10x_tim.o(.text)
    TIM_BDTRStructInit                       0x08001d15   Thumb Code    40  stm32f10x_tim.o(.text)
    TIM_Cmd                                  0x08001d3d   Thumb Code    24  stm32f10x_tim.o(.text)
    TIM_CtrlPWMOutputs                       0x08001d55   Thumb Code    30  stm32f10x_tim.o(.text)
    TIM_ITConfig                             0x08001d73   Thumb Code    18  stm32f10x_tim.o(.text)
    TIM_GenerateEvent                        0x08001d85   Thumb Code     4  stm32f10x_tim.o(.text)
    TIM_DMAConfig                            0x08001d89   Thumb Code    10  stm32f10x_tim.o(.text)
    TIM_DMACmd                               0x08001d93   Thumb Code    18  stm32f10x_tim.o(.text)
    TIM_InternalClockConfig                  0x08001da5   Thumb Code    12  stm32f10x_tim.o(.text)
    TIM_SelectInputTrigger                   0x08001db1   Thumb Code    18  stm32f10x_tim.o(.text)
    TIM_ITRxExternalClockConfig              0x08001dc3   Thumb Code    24  stm32f10x_tim.o(.text)
    TIM_TIxExternalClockConfig               0x08001ddb   Thumb Code    62  stm32f10x_tim.o(.text)
    TIM_ETRConfig                            0x08001e19   Thumb Code    28  stm32f10x_tim.o(.text)
    TIM_ETRClockMode1Config                  0x08001e35   Thumb Code    54  stm32f10x_tim.o(.text)
    TIM_ETRClockMode2Config                  0x08001e6b   Thumb Code    32  stm32f10x_tim.o(.text)
    TIM_PrescalerConfig                      0x08001e8b   Thumb Code     6  stm32f10x_tim.o(.text)
    TIM_CounterModeConfig                    0x08001e91   Thumb Code    18  stm32f10x_tim.o(.text)
    TIM_EncoderInterfaceConfig               0x08001ea3   Thumb Code    66  stm32f10x_tim.o(.text)
    TIM_ForcedOC1Config                      0x08001ee5   Thumb Code    18  stm32f10x_tim.o(.text)
    TIM_ForcedOC2Config                      0x08001ef7   Thumb Code    26  stm32f10x_tim.o(.text)
    TIM_ForcedOC3Config                      0x08001f11   Thumb Code    18  stm32f10x_tim.o(.text)
    TIM_ForcedOC4Config                      0x08001f23   Thumb Code    26  stm32f10x_tim.o(.text)
    TIM_ARRPreloadConfig                     0x08001f3d   Thumb Code    24  stm32f10x_tim.o(.text)
    TIM_SelectCOM                            0x08001f55   Thumb Code    24  stm32f10x_tim.o(.text)
    TIM_SelectCCDMA                          0x08001f6d   Thumb Code    24  stm32f10x_tim.o(.text)
    TIM_CCPreloadControl                     0x08001f85   Thumb Code    24  stm32f10x_tim.o(.text)
    TIM_OC1PreloadConfig                     0x08001f9d   Thumb Code    18  stm32f10x_tim.o(.text)
    TIM_OC2PreloadConfig                     0x08001faf   Thumb Code    26  stm32f10x_tim.o(.text)
    TIM_OC3PreloadConfig                     0x08001fc9   Thumb Code    18  stm32f10x_tim.o(.text)
    TIM_OC4PreloadConfig                     0x08001fdb   Thumb Code    26  stm32f10x_tim.o(.text)
    TIM_OC1FastConfig                        0x08001ff5   Thumb Code    18  stm32f10x_tim.o(.text)
    TIM_OC2FastConfig                        0x08002007   Thumb Code    26  stm32f10x_tim.o(.text)
    TIM_OC3FastConfig                        0x08002021   Thumb Code    18  stm32f10x_tim.o(.text)
    TIM_OC4FastConfig                        0x08002033   Thumb Code    26  stm32f10x_tim.o(.text)
    TIM_ClearOC1Ref                          0x0800204d   Thumb Code    18  stm32f10x_tim.o(.text)
    TIM_ClearOC2Ref                          0x0800205f   Thumb Code    24  stm32f10x_tim.o(.text)
    TIM_ClearOC3Ref                          0x08002077   Thumb Code    18  stm32f10x_tim.o(.text)
    TIM_ClearOC4Ref                          0x08002089   Thumb Code    24  stm32f10x_tim.o(.text)
    TIM_OC1PolarityConfig                    0x080020a1   Thumb Code    18  stm32f10x_tim.o(.text)
    TIM_OC1NPolarityConfig                   0x080020b3   Thumb Code    18  stm32f10x_tim.o(.text)
    TIM_OC2PolarityConfig                    0x080020c5   Thumb Code    26  stm32f10x_tim.o(.text)
    TIM_OC2NPolarityConfig                   0x080020df   Thumb Code    26  stm32f10x_tim.o(.text)
    TIM_OC3PolarityConfig                    0x080020f9   Thumb Code    26  stm32f10x_tim.o(.text)
    TIM_OC3NPolarityConfig                   0x08002113   Thumb Code    26  stm32f10x_tim.o(.text)
    TIM_OC4PolarityConfig                    0x0800212d   Thumb Code    26  stm32f10x_tim.o(.text)
    TIM_CCxCmd                               0x08002147   Thumb Code    30  stm32f10x_tim.o(.text)
    TIM_CCxNCmd                              0x08002165   Thumb Code    30  stm32f10x_tim.o(.text)
    TIM_SelectOCxM                           0x08002183   Thumb Code    82  stm32f10x_tim.o(.text)
    TIM_UpdateDisableConfig                  0x080021d5   Thumb Code    24  stm32f10x_tim.o(.text)
    TIM_UpdateRequestConfig                  0x080021ed   Thumb Code    24  stm32f10x_tim.o(.text)
    TIM_SelectHallSensor                     0x08002205   Thumb Code    24  stm32f10x_tim.o(.text)
    TIM_SelectOnePulseMode                   0x0800221d   Thumb Code    18  stm32f10x_tim.o(.text)
    TIM_SelectOutputTrigger                  0x0800222f   Thumb Code    18  stm32f10x_tim.o(.text)
    TIM_SelectSlaveMode                      0x08002241   Thumb Code    18  stm32f10x_tim.o(.text)
    TIM_SelectMasterSlaveMode                0x08002253   Thumb Code    18  stm32f10x_tim.o(.text)
    TIM_SetCounter                           0x08002265   Thumb Code     4  stm32f10x_tim.o(.text)
    TIM_SetAutoreload                        0x08002269   Thumb Code     4  stm32f10x_tim.o(.text)
    TIM_SetCompare1                          0x0800226d   Thumb Code     4  stm32f10x_tim.o(.text)
    TIM_SetCompare2                          0x08002271   Thumb Code     4  stm32f10x_tim.o(.text)
    TIM_SetCompare3                          0x08002275   Thumb Code     4  stm32f10x_tim.o(.text)
    TIM_SetCompare4                          0x08002279   Thumb Code     6  stm32f10x_tim.o(.text)
    TIM_SetClockDivision                     0x0800227f   Thumb Code    18  stm32f10x_tim.o(.text)
    TIM_GetCapture1                          0x08002291   Thumb Code     6  stm32f10x_tim.o(.text)
    TIM_GetCapture2                          0x08002297   Thumb Code     6  stm32f10x_tim.o(.text)
    TIM_GetCapture3                          0x0800229d   Thumb Code     6  stm32f10x_tim.o(.text)
    TIM_GetCapture4                          0x080022a3   Thumb Code     8  stm32f10x_tim.o(.text)
    TIM_GetCounter                           0x080022ab   Thumb Code     6  stm32f10x_tim.o(.text)
    TIM_GetPrescaler                         0x080022b1   Thumb Code     6  stm32f10x_tim.o(.text)
    TIM_GetFlagStatus                        0x080022b7   Thumb Code    18  stm32f10x_tim.o(.text)
    TIM_ClearFlag                            0x080022c9   Thumb Code     6  stm32f10x_tim.o(.text)
    TIM_GetITStatus                          0x080022cf   Thumb Code    34  stm32f10x_tim.o(.text)
    TIM_ClearITPendingBit                    0x080022f1   Thumb Code     6  stm32f10x_tim.o(.text)
    USART_DeInit                             0x080022f9   Thumb Code   134  stm32f10x_usart.o(.text)
    USART_Init                               0x0800237f   Thumb Code   210  stm32f10x_usart.o(.text)
    USART_StructInit                         0x08002451   Thumb Code    24  stm32f10x_usart.o(.text)
    USART_ClockInit                          0x08002469   Thumb Code    34  stm32f10x_usart.o(.text)
    USART_ClockStructInit                    0x0800248b   Thumb Code    12  stm32f10x_usart.o(.text)
    USART_Cmd                                0x08002497   Thumb Code    24  stm32f10x_usart.o(.text)
    USART_ITConfig                           0x080024af   Thumb Code    74  stm32f10x_usart.o(.text)
    USART_DMACmd                             0x080024f9   Thumb Code    18  stm32f10x_usart.o(.text)
    USART_SetAddress                         0x0800250b   Thumb Code    18  stm32f10x_usart.o(.text)
    USART_WakeUpConfig                       0x0800251d   Thumb Code    18  stm32f10x_usart.o(.text)
    USART_ReceiverWakeUpCmd                  0x0800252f   Thumb Code    24  stm32f10x_usart.o(.text)
    USART_LINBreakDetectLengthConfig         0x08002547   Thumb Code    18  stm32f10x_usart.o(.text)
    USART_LINCmd                             0x08002559   Thumb Code    24  stm32f10x_usart.o(.text)
    USART_SendData                           0x08002571   Thumb Code     8  stm32f10x_usart.o(.text)
    USART_ReceiveData                        0x08002579   Thumb Code    10  stm32f10x_usart.o(.text)
    USART_SendBreak                          0x08002583   Thumb Code    10  stm32f10x_usart.o(.text)
    USART_SetGuardTime                       0x0800258d   Thumb Code    16  stm32f10x_usart.o(.text)
    USART_SetPrescaler                       0x0800259d   Thumb Code    16  stm32f10x_usart.o(.text)
    USART_SmartCardCmd                       0x080025ad   Thumb Code    24  stm32f10x_usart.o(.text)
    USART_SmartCardNACKCmd                   0x080025c5   Thumb Code    24  stm32f10x_usart.o(.text)
    USART_HalfDuplexCmd                      0x080025dd   Thumb Code    24  stm32f10x_usart.o(.text)
    USART_OverSampling8Cmd                   0x080025f5   Thumb Code    22  stm32f10x_usart.o(.text)
    USART_OneBitMethodCmd                    0x0800260b   Thumb Code    24  stm32f10x_usart.o(.text)
    USART_IrDAConfig                         0x08002623   Thumb Code    18  stm32f10x_usart.o(.text)
    USART_IrDACmd                            0x08002635   Thumb Code    24  stm32f10x_usart.o(.text)
    USART_GetFlagStatus                      0x0800264d   Thumb Code    26  stm32f10x_usart.o(.text)
    USART_ClearFlag                          0x08002667   Thumb Code    18  stm32f10x_usart.o(.text)
    USART_GetITStatus                        0x08002679   Thumb Code    84  stm32f10x_usart.o(.text)
    USART_ClearITPendingBit                  0x080026cd   Thumb Code    52  stm32f10x_usart.o(.text)
    delay_init                               0x08002701   Thumb Code    50  delay.o(.text)
    delay_us                                 0x08002733   Thumb Code    72  delay.o(.text)
    delay_ms                                 0x0800277b   Thumb Code    72  delay.o(.text)
    _sys_exit                                0x080027d5   Thumb Code     6  usart.o(.text)
    fputc                                    0x080027db   Thumb Code    24  usart.o(.text)
    uart1_init                               0x080027f3   Thumb Code   154  usart.o(.text)
    uart2_init                               0x0800288d   Thumb Code   156  usart.o(.text)
    USART1_IRQHandler                        0x08002929   Thumb Code    24  usart.o(.text)
    USART2_IRQHandler                        0x08002941   Thumb Code    30  usart.o(.text)
    UART1_SendByte                           0x0800295f   Thumb Code    22  usart.o(.text)
    UART2_SendByte                           0x08002975   Thumb Code    22  usart.o(.text)
    Adc_Init                                 0x08002999   Thumb Code   132  adc.o(.text)
    Get_Adc                                  0x08002a1d   Thumb Code    46  adc.o(.text)
    Get_battery_volt                         0x08002a4b   Thumb Code    64  adc.o(.text)
    EXTIX_Init                               0x08002a9d   Thumb Code   128  exti.o(.text)
    EXTI0_IRQHandler                         0x08002b1d   Thumb Code    44  exti.o(.text)
    EXTI1_IRQHandler                         0x08002b49   Thumb Code    44  exti.o(.text)
    KEY_Init                                 0x08002b85   Thumb Code    52  key.o(.text)
    Check_Key1                               0x08002bb9   Thumb Code    36  key.o(.text)
    LED_Init                                 0x08002be5   Thumb Code    46  led.o(.text)
    LED_On                                   0x08002c13   Thumb Code    30  led.o(.text)
    LED_Off                                  0x08002c31   Thumb Code    20  led.o(.text)
    LEDR_Switch                              0x08002c45   Thumb Code    24  led.o(.text)
    LEDG_Switch                              0x08002c5d   Thumb Code    30  led.o(.text)
    LEDB_Switch                              0x08002c7b   Thumb Code    30  led.o(.text)
    LED_Switch                               0x08002c99   Thumb Code    16  led.o(.text)
    LED_State_Switch                         0x08002ca9   Thumb Code    24  led.o(.text)
    OLED_Init                                0x08002dff   Thumb Code   274  oled.o(.text)
    OLED_Display_On                          0x08002f11   Thumb Code    28  oled.o(.text)
    OLED_Display_Off                         0x08002f2d   Thumb Code    28  oled.o(.text)
    OLED_Refresh_Gram                        0x08002f49   Thumb Code    70  oled.o(.text)
    OLED_Refresh_Gram_ref                    0x08002fb5   Thumb Code    80  oled.o(.text)
    OLED_Clear                               0x08003005   Thumb Code    42  oled.o(.text)
    OLED_Fill                                0x0800308b   Thumb Code    66  oled.o(.text)
    OLED_ShowChar                            0x080030cd   Thumb Code   172  oled.o(.text)
    OLED_ShowString                          0x0800318f   Thumb Code    76  oled.o(.text)
    OLED_ShowNumber                          0x080031db   Thumb Code   148  oled.o(.text)
    OLED_ShowNumber0                         0x0800326f   Thumb Code   148  oled.o(.text)
    OLED_ShowNum                             0x08003303   Thumb Code    96  oled.o(.text)
    OLED_C16x16Str                           0x08003363   Thumb Code   214  oled.o(.text)
    OLED_DrawBMP                             0x08003439   Thumb Code   102  oled.o(.text)
    Shows_Crollbar                           0x0800349f   Thumb Code   116  oled.o(.text)
    OLED_Draw_Circle                         0x08003513   Thumb Code   168  oled.o(.text)
    OLED_DrawLine                            0x080035bb   Thumb Code   178  oled.o(.text)
    OLED_DrawRectangle                       0x0800366d   Thumb Code    64  oled.o(.text)
    StartUp                                  0x0800371d   Thumb Code   154  oled_gui.o(.text)
    OledGui_FeaSet                           0x08003851   Thumb Code   272  oled_gui.o(.text)
    OledGui_Temp_Hum                         0x08003961   Thumb Code   624  oled_gui.o(.text)
    OledGui_Time                             0x08003bd1   Thumb Code   346  oled_gui.o(.text)
    OledGui_Weather                          0x08003d2b   Thumb Code   178  oled_gui.o(.text)
    PowerInit                                0x08003e65   Thumb Code    50  power.o(.text)
    RTC_Get_Week                             0x08003ebd   Thumb Code   116  rtc.o(.text)
    Is_Leap_Year                             0x08003f31   Thumb Code    58  rtc.o(.text)
    RTC_Get                                  0x08003f6b   Thumb Code   240  rtc.o(.text)
    RTC_Set                                  0x0800405b   Thumb Code   184  rtc.o(.text)
    RTC_Init                                 0x08004113   Thumb Code   192  rtc.o(.text)
    RTC_IRQHandler                           0x080041d3   Thumb Code    76  rtc.o(.text)
    RTC_Alarm_Set                            0x0800421f   Thumb Code   184  rtc.o(.text)
    IIC_ACK                                  0x08004315   Thumb Code    78  sht30.o(.text)
    IIC_NACK                                 0x08004363   Thumb Code    78  sht30.o(.text)
    IIC_wait_ACK                             0x080043b1   Thumb Code   154  sht30.o(.text)
    IIC_Start                                0x0800444b   Thumb Code    68  sht30.o(.text)
    IIC_Stop                                 0x0800448f   Thumb Code    70  sht30.o(.text)
    IIC_SendByte                             0x080044d5   Thumb Code    90  sht30.o(.text)
    IIC_RcvByte                              0x0800452f   Thumb Code    96  sht30.o(.text)
    SHT30_IIC_Init                           0x0800458f   Thumb Code    54  sht30.o(.text)
    SHT30_read_result                        0x080045c5   Thumb Code   344  sht30.o(.text)
    TIM2_Int_Init                            0x0800471d   Thumb Code    90  timer.o(.text)
    TIM2_IRQHandler                          0x08004777   Thumb Code   158  timer.o(.text)
    show_wifi_work_state                     0x0800491b   Thumb Code    16  wb3s.o(.text)
    Sys_Standby                              0x080049fd   Thumb Code    22  wkup.o(.text)
    Sys_Enter_Standby                        0x08004a13   Thumb Code    18  wkup.o(.text)
    Check_WKUP                               0x08004a25   Thumb Code    36  wkup.o(.text)
    PWM_Init                                 0x08004a4d   Thumb Code   156  pwm.o(.text)
    steering_control                         0x08004ae9   Thumb Code   112  pwm.o(.text)
    hex_to_bcd                               0x08004b69   Thumb Code   108  mcu_api.o(.text)
    my_strlen                                0x08004bd5   Thumb Code    28  mcu_api.o(.text)
    my_memset                                0x08004bf1   Thumb Code    34  mcu_api.o(.text)
    my_memcpy                                0x08004c13   Thumb Code    68  mcu_api.o(.text)
    my_strcpy                                0x08004c57   Thumb Code    36  mcu_api.o(.text)
    my_strcmp                                0x08004c7b   Thumb Code    32  mcu_api.o(.text)
    int_to_byte                              0x08004c9b   Thumb Code    16  mcu_api.o(.text)
    byte_to_int                              0x08004cab   Thumb Code    26  mcu_api.o(.text)
    mcu_dp_raw_update                        0x08004cc5   Thumb Code   112  mcu_api.o(.text)
    mcu_dp_bool_update                       0x08004d35   Thumb Code    96  mcu_api.o(.text)
    mcu_dp_value_update                      0x08004d95   Thumb Code   116  mcu_api.o(.text)
    mcu_dp_string_update                     0x08004e09   Thumb Code   112  mcu_api.o(.text)
    mcu_dp_enum_update                       0x08004e79   Thumb Code    82  mcu_api.o(.text)
    mcu_dp_fault_update                      0x08004ecb   Thumb Code   194  mcu_api.o(.text)
    mcu_get_dp_download_bool                 0x08004f8d   Thumb Code     6  mcu_api.o(.text)
    mcu_get_dp_download_enum                 0x08004f93   Thumb Code     6  mcu_api.o(.text)
    mcu_get_dp_download_value                0x08004f99   Thumb Code    14  mcu_api.o(.text)
    uart_receive_input                       0x08004fa7   Thumb Code    74  mcu_api.o(.text)
    uart_receive_buff_input                  0x08004ff1   Thumb Code    28  mcu_api.o(.text)
    wifi_uart_service                        0x0800500d   Thumb Code   264  mcu_api.o(.text)
    wifi_protocol_init                       0x08005115   Thumb Code    24  mcu_api.o(.text)
    mcu_get_reset_wifi_flag                  0x0800512d   Thumb Code     6  mcu_api.o(.text)
    mcu_reset_wifi                           0x08005133   Thumb Code    20  mcu_api.o(.text)
    mcu_get_wifimode_flag                    0x08005147   Thumb Code     6  mcu_api.o(.text)
    mcu_set_wifi_mode                        0x0800514d   Thumb Code    34  mcu_api.o(.text)
    mcu_get_wifi_work_state                  0x0800516f   Thumb Code     6  mcu_api.o(.text)
    mcu_get_system_time                      0x08005175   Thumb Code    14  mcu_api.o(.text)
    mcu_start_wifitest                       0x08005183   Thumb Code    14  mcu_api.o(.text)
    uart_transmit_output                     0x080051b5   Thumb Code    12  protocol.o(.text)
    all_data_update                          0x080051c1   Thumb Code    92  protocol.o(.text)
    dp_download_handle                       0x080052bd   Thumb Code    54  protocol.o(.text)
    get_download_cmd_total                   0x080052f3   Thumb Code     4  protocol.o(.text)
    mcu_write_rtctime                        0x080052f7   Thumb Code    36  protocol.o(.text)
    wifi_test_result                         0x0800531b   Thumb Code     8  protocol.o(.text)
    mcu_open_weather                         0x08005323   Thumb Code   114  protocol.o(.text)
    weather_open_return_handle               0x08005395   Thumb Code    22  protocol.o(.text)
    weather_data_user_handle                 0x080053ab   Thumb Code  1218  protocol.o(.text)
    set_wifi_uart_byte                       0x080058c9   Thumb Code    12  system.o(.text)
    set_wifi_uart_buffer                     0x080058d5   Thumb Code    34  system.o(.text)
    get_check_sum                            0x080058f7   Thumb Code    28  system.o(.text)
    wifi_uart_write_frame                    0x08005937   Thumb Code    76  system.o(.text)
    data_handle                              0x08005bad   Thumb Code   422  system.o(.text)
    with_data_rxbuff                         0x08005d53   Thumb Code    20  system.o(.text)
    take_byte_rxbuff                         0x08005d67   Thumb Code    46  system.o(.text)
    __use_no_semihosting                     0x08005da5   Thumb Code     2  use_no_semi_2.o(.text)
    __2printf                                0x08005da9   Thumb Code    20  __2printf.o(.text)
    __2sprintf                               0x08005dc1   Thumb Code    38  __2sprintf.o(.text)
    __printf                                 0x08005ded   Thumb Code   104  __printf.o(.text)
    _printf_str                              0x08005e55   Thumb Code    82  _printf_str.o(.text)
    _printf_int_dec                          0x08005ea9   Thumb Code   104  _printf_dec.o(.text)
    __aeabi_memclr4                          0x08005f21   Thumb Code     0  rt_memclr_w.o(.text)
    __aeabi_memclr8                          0x08005f21   Thumb Code     0  rt_memclr_w.o(.text)
    __rt_memclr_w                            0x08005f21   Thumb Code    78  rt_memclr_w.o(.text)
    _memset_w                                0x08005f25   Thumb Code     0  rt_memclr_w.o(.text)
    __use_two_region_memory                  0x08005f6f   Thumb Code     2  heapauxi.o(.text)
    __rt_heap_escrow$2region                 0x08005f71   Thumb Code     2  heapauxi.o(.text)
    __rt_heap_expand$2region                 0x08005f73   Thumb Code     2  heapauxi.o(.text)
    __I$use$semihosting                      0x08005f75   Thumb Code     0  use_no_semi.o(.text)
    __use_no_semihosting_swi                 0x08005f75   Thumb Code     2  use_no_semi.o(.text)
    _printf_int_common                       0x08005f77   Thumb Code   178  _printf_intcommon.o(.text)
    _printf_char_common                      0x08006033   Thumb Code    32  _printf_char_common.o(.text)
    _sputc                                   0x08006059   Thumb Code    10  _sputc.o(.text)
    _printf_cs_common                        0x08006063   Thumb Code    20  _printf_char.o(.text)
    _printf_char                             0x08006077   Thumb Code    16  _printf_char.o(.text)
    _printf_string                           0x08006087   Thumb Code     8  _printf_char.o(.text)
    _printf_char_file                        0x08006091   Thumb Code    32  _printf_char_file.o(.text)
    ferror                                   0x080060b5   Thumb Code     8  ferror.o(.text)
    __user_setup_stackheap                   0x080060bd   Thumb Code    74  sys_stackheap_outer.o(.text)
    exit                                     0x08006107   Thumb Code    18  exit.o(.text)
    __user_libspace                          0x08006119   Thumb Code     8  libspace.o(.text)
    __user_perproc_libspace                  0x08006119   Thumb Code     0  libspace.o(.text)
    __user_perthread_libspace                0x08006119   Thumb Code     0  libspace.o(.text)
    __aeabi_d2f                              0x08006121   Thumb Code     0  d2f.o(x$fpl$d2f)
    _d2f                                     0x08006121   Thumb Code    98  d2f.o(x$fpl$d2f)
    __aeabi_dadd                             0x08006185   Thumb Code     0  daddsub_clz.o(x$fpl$dadd)
    _dadd                                    0x08006185   Thumb Code   332  daddsub_clz.o(x$fpl$dadd)
    __aeabi_ddiv                             0x080062d5   Thumb Code     0  ddiv.o(x$fpl$ddiv)
    _ddiv                                    0x080062d5   Thumb Code   552  ddiv.o(x$fpl$ddiv)
    __aeabi_d2iz                             0x08006585   Thumb Code     0  dfix.o(x$fpl$dfix)
    _dfix                                    0x08006585   Thumb Code    94  dfix.o(x$fpl$dfix)
    __aeabi_ui2d                             0x080065e3   Thumb Code     0  dflt_clz.o(x$fpl$dfltu)
    _dfltu                                   0x080065e3   Thumb Code    38  dflt_clz.o(x$fpl$dfltu)
    __aeabi_dmul                             0x08006609   Thumb Code     0  dmul.o(x$fpl$dmul)
    _dmul                                    0x08006609   Thumb Code   332  dmul.o(x$fpl$dmul)
    __fpl_dnaninf                            0x0800675d   Thumb Code   156  dnaninf.o(x$fpl$dnaninf)
    __fpl_dretinf                            0x080067f9   Thumb Code    12  dretinf.o(x$fpl$dretinf)
    __aeabi_dsub                             0x08006805   Thumb Code     0  daddsub_clz.o(x$fpl$dsub)
    _dsub                                    0x08006805   Thumb Code   464  daddsub_clz.o(x$fpl$dsub)
    __aeabi_f2d                              0x080069d9   Thumb Code     0  f2d.o(x$fpl$f2d)
    _f2d                                     0x080069d9   Thumb Code    86  f2d.o(x$fpl$f2d)
    __aeabi_fadd                             0x08006a31   Thumb Code     0  faddsub_clz.o(x$fpl$fadd)
    _fadd                                    0x08006a31   Thumb Code   196  faddsub_clz.o(x$fpl$fadd)
    __aeabi_f2iz                             0x08006af5   Thumb Code     0  ffix.o(x$fpl$ffix)
    _ffix                                    0x08006af5   Thumb Code    54  ffix.o(x$fpl$ffix)
    __aeabi_f2uiz                            0x08006b2d   Thumb Code     0  ffixu.o(x$fpl$ffixu)
    _ffixu                                   0x08006b2d   Thumb Code    62  ffixu.o(x$fpl$ffixu)
    __aeabi_i2f                              0x08006b6d   Thumb Code     0  fflt_clz.o(x$fpl$fflt)
    _fflt                                    0x08006b6d   Thumb Code    48  fflt_clz.o(x$fpl$fflt)
    __aeabi_ui2f                             0x08006b9d   Thumb Code     0  fflt_clz.o(x$fpl$ffltu)
    _ffltu                                   0x08006b9d   Thumb Code    38  fflt_clz.o(x$fpl$ffltu)
    __aeabi_fmul                             0x08006bc5   Thumb Code     0  fmul.o(x$fpl$fmul)
    _fmul                                    0x08006bc5   Thumb Code   258  fmul.o(x$fpl$fmul)
    __fpl_fnaninf                            0x08006cc7   Thumb Code   140  fnaninf.o(x$fpl$fnaninf)
    __fpl_fretinf                            0x08006d53   Thumb Code    10  fretinf.o(x$fpl$fretinf)
    __aeabi_frsub                            0x08006d5d   Thumb Code     0  faddsub_clz.o(x$fpl$frsb)
    _frsb                                    0x08006d5d   Thumb Code    20  faddsub_clz.o(x$fpl$frsb)
    __aeabi_fsub                             0x08006d71   Thumb Code     0  faddsub_clz.o(x$fpl$fsub)
    _fsub                                    0x08006d71   Thumb Code   234  faddsub_clz.o(x$fpl$fsub)
    F6X8                                     0x08006e5a   Data         552  oled.o(.constdata)
    __I$use$fp                               0x08006e5a   Number         0  usenofp.o(x$fpl$usenofp)
    F8X16                                    0x08007082   Data        1520  oled.o(.constdata)
    F16X32                                   0x08007672   Data        6080  oled.o(.constdata)
    C16x16_Idx                               0x08008e32   Data          63  oled.o(.constdata)
    C16x16                                   0x08008e71   Data         992  oled.o(.constdata)
    table_week                               0x08009251   Data          12  rtc.o(.constdata)
    mon_table                                0x0800925d   Data          12  rtc.o(.constdata)
    download_cmd                             0x08009269   Data          10  protocol.o(.constdata)
    Region$$Table$$Base                      0x080092a0   Number         0  anon$$obj.o(Region$$Table)
    Region$$Table$$Limit                     0x080092c0   Number         0  anon$$obj.o(Region$$Table)
    SystemCoreClock                          0x20000000   Data           4  system_stm32f10x.o(.data)
    AHBPrescTable                            0x20000004   Data          16  system_stm32f10x.o(.data)
    __stdout                                 0x2000002c   Data           4  usart.o(.data)
    KEY0_st                                  0x20000030   Data           1  exti.o(.data)
    KEY1_st                                  0x20000031   Data           1  exti.o(.data)
    KEY1_lt                                  0x20000032   Data           1  exti.o(.data)
    LedBit                                   0x20000033   Data           1  led.o(.data)
    BiliBili0                                0x20000034   Data         558  oled_gui.o(.data)
    BiliBili1                                0x20000262   Data         640  oled_gui.o(.data)
    BiliBili2                                0x200004e2   Data         360  oled_gui.o(.data)
    cloudy                                   0x2000064a   Data         512  oled_gui.o(.data)
    thunder                                  0x2000084a   Data         512  oled_gui.o(.data)
    sunny                                    0x20000a4a   Data         512  oled_gui.o(.data)
    snows                                    0x20000c4a   Data         512  oled_gui.o(.data)
    rain                                     0x20000e4a   Data         512  oled_gui.o(.data)
    GuiNum                                   0x2000104a   Data           1  oled_gui.o(.data)
    GuiNum_Ago                               0x2000104b   Data           1  oled_gui.o(.data)
    Wea_Temp                                 0x2000104c   Data           4  oled_gui.o(.data)
    Wea_Humidity                             0x20001050   Data           4  oled_gui.o(.data)
    Wea_WindSpeed                            0x20001054   Data           8  oled_gui.o(.data)
    Wea_Condition                            0x2000105c   Data           8  oled_gui.o(.data)
    Wea_bmp                                  0x20001064   Data           4  oled_gui.o(.data)
    Temperature                              0x20001070   Data           4  sht30.o(.data)
    Humidity                                 0x20001074   Data           4  sht30.o(.data)
    OledRef                                  0x20001078   Data           1  timer.o(.data)
    BatVolt                                  0x2000107c   Data           4  timer.o(.data)
    BatElect                                 0x20001080   Data           4  timer.o(.data)
    steering1                                0x20001085   Data           1  pwm.o(.data)
    steering2                                0x20001086   Data           1  pwm.o(.data)
    weather_choose                           0x2000108c   Data          16  protocol.o(.data)
    rx_buf_in                                0x2000109c   Data           4  system.o(.data)
    rx_buf_out                               0x200010a0   Data           4  system.o(.data)
    stop_update_flag                         0x200010a4   Data           1  system.o(.data)
    reset_wifi_flag                          0x200010a5   Data           1  system.o(.data)
    set_wifimode_flag                        0x200010a6   Data           1  system.o(.data)
    wifi_work_state                          0x200010a7   Data           1  system.o(.data)
    OLED_GRAM                                0x200010ac   Data        1024  oled.o(.bss)
    calendar                                 0x200014ac   Data          10  rtc.o(.bss)
    wifi_data_process_buf                    0x200014b6   Data         135  system.o(.bss)
    wifi_uart_rx_buf                         0x2000153d   Data         135  system.o(.bss)
    wifi_uart_tx_buf                         0x200015c4   Data          55  system.o(.bss)
    __libspace_start                         0x200015fc   Data          96  libspace.o(.bss)
    __temporary_stack_top$libspace           0x2000165c   Data           0  libspace.o(.bss)



==============================================================================

Memory Map of the image

  Image Entry point : 0x080000ed

  Load Region LR_IROM1 (Base: 0x08000000, Size: 0x0000a36c, Max: 0x00010000, ABSOLUTE, COMPRESSED[0x000097c8])

    Execution Region ER_IROM1 (Exec base: 0x08000000, Load base: 0x08000000, Size: 0x000092c0, Max: 0x00010000, ABSOLUTE)

    Exec Addr    Load Addr    Size         Type   Attr      Idx    E Section Name        Object

    0x08000000   0x08000000   0x000000ec   Data   RO          249    RESET               startup_stm32f10x_md.o
    0x080000ec   0x080000ec   0x00000008   Code   RO          895  * !!!main             c_w.l(__main.o)
    0x080000f4   0x080000f4   0x00000034   Code   RO         1126    !!!scatter          c_w.l(__scatter.o)
    0x08000128   0x08000128   0x0000005a   Code   RO         1124    !!dczerorl2         c_w.l(__dczerorl2.o)
    0x08000182   0x08000182   0x00000002   PAD
    0x08000184   0x08000184   0x0000001c   Code   RO         1128    !!handler_zi        c_w.l(__scatter_zi.o)
    0x080001a0   0x080001a0   0x00000000   Code   RO          890    .ARM.Collect$$_printf_percent$$00000000  c_w.l(_printf_percent.o)
    0x080001a0   0x080001a0   0x00000006   Code   RO          889    .ARM.Collect$$_printf_percent$$00000009  c_w.l(_printf_d.o)
    0x080001a6   0x080001a6   0x00000006   Code   RO          888    .ARM.Collect$$_printf_percent$$00000014  c_w.l(_printf_s.o)
    0x080001ac   0x080001ac   0x00000004   Code   RO          958    .ARM.Collect$$_printf_percent$$00000017  c_w.l(_printf_percent_end.o)
    0x080001b0   0x080001b0   0x00000002   Code   RO          998    .ARM.Collect$$libinit$$00000000  c_w.l(libinit.o)
    0x080001b2   0x080001b2   0x00000000   Code   RO         1005    .ARM.Collect$$libinit$$00000002  c_w.l(libinit2.o)
    0x080001b2   0x080001b2   0x00000000   Code   RO         1007    .ARM.Collect$$libinit$$00000004  c_w.l(libinit2.o)
    0x080001b2   0x080001b2   0x00000000   Code   RO         1010    .ARM.Collect$$libinit$$0000000A  c_w.l(libinit2.o)
    0x080001b2   0x080001b2   0x00000000   Code   RO         1012    .ARM.Collect$$libinit$$0000000C  c_w.l(libinit2.o)
    0x080001b2   0x080001b2   0x00000000   Code   RO         1014    .ARM.Collect$$libinit$$0000000E  c_w.l(libinit2.o)
    0x080001b2   0x080001b2   0x00000000   Code   RO         1017    .ARM.Collect$$libinit$$00000011  c_w.l(libinit2.o)
    0x080001b2   0x080001b2   0x00000000   Code   RO         1019    .ARM.Collect$$libinit$$00000013  c_w.l(libinit2.o)
    0x080001b2   0x080001b2   0x00000000   Code   RO         1021    .ARM.Collect$$libinit$$00000015  c_w.l(libinit2.o)
    0x080001b2   0x080001b2   0x00000000   Code   RO         1023    .ARM.Collect$$libinit$$00000017  c_w.l(libinit2.o)
    0x080001b2   0x080001b2   0x00000000   Code   RO         1025    .ARM.Collect$$libinit$$00000019  c_w.l(libinit2.o)
    0x080001b2   0x080001b2   0x00000000   Code   RO         1027    .ARM.Collect$$libinit$$0000001B  c_w.l(libinit2.o)
    0x080001b2   0x080001b2   0x00000000   Code   RO         1029    .ARM.Collect$$libinit$$0000001D  c_w.l(libinit2.o)
    0x080001b2   0x080001b2   0x00000000   Code   RO         1031    .ARM.Collect$$libinit$$0000001F  c_w.l(libinit2.o)
    0x080001b2   0x080001b2   0x00000000   Code   RO         1033    .ARM.Collect$$libinit$$00000021  c_w.l(libinit2.o)
    0x080001b2   0x080001b2   0x00000000   Code   RO         1035    .ARM.Collect$$libinit$$00000023  c_w.l(libinit2.o)
    0x080001b2   0x080001b2   0x00000000   Code   RO         1037    .ARM.Collect$$libinit$$00000025  c_w.l(libinit2.o)
    0x080001b2   0x080001b2   0x00000000   Code   RO         1041    .ARM.Collect$$libinit$$0000002C  c_w.l(libinit2.o)
    0x080001b2   0x080001b2   0x00000000   Code   RO         1043    .ARM.Collect$$libinit$$0000002E  c_w.l(libinit2.o)
    0x080001b2   0x080001b2   0x00000000   Code   RO         1045    .ARM.Collect$$libinit$$00000030  c_w.l(libinit2.o)
    0x080001b2   0x080001b2   0x00000000   Code   RO         1047    .ARM.Collect$$libinit$$00000032  c_w.l(libinit2.o)
    0x080001b2   0x080001b2   0x00000002   Code   RO         1048    .ARM.Collect$$libinit$$00000033  c_w.l(libinit2.o)
    0x080001b4   0x080001b4   0x00000002   Code   RO         1066    .ARM.Collect$$libshutdown$$00000000  c_w.l(libshutdown.o)
    0x080001b6   0x080001b6   0x00000000   Code   RO         1076    .ARM.Collect$$libshutdown$$00000002  c_w.l(libshutdown2.o)
    0x080001b6   0x080001b6   0x00000000   Code   RO         1078    .ARM.Collect$$libshutdown$$00000004  c_w.l(libshutdown2.o)
    0x080001b6   0x080001b6   0x00000000   Code   RO         1081    .ARM.Collect$$libshutdown$$00000007  c_w.l(libshutdown2.o)
    0x080001b6   0x080001b6   0x00000000   Code   RO         1084    .ARM.Collect$$libshutdown$$0000000A  c_w.l(libshutdown2.o)
    0x080001b6   0x080001b6   0x00000000   Code   RO         1086    .ARM.Collect$$libshutdown$$0000000C  c_w.l(libshutdown2.o)
    0x080001b6   0x080001b6   0x00000000   Code   RO         1089    .ARM.Collect$$libshutdown$$0000000F  c_w.l(libshutdown2.o)
    0x080001b6   0x080001b6   0x00000002   Code   RO         1090    .ARM.Collect$$libshutdown$$00000010  c_w.l(libshutdown2.o)
    0x080001b8   0x080001b8   0x00000000   Code   RO          947    .ARM.Collect$$rtentry$$00000000  c_w.l(__rtentry.o)
    0x080001b8   0x080001b8   0x00000000   Code   RO          969    .ARM.Collect$$rtentry$$00000002  c_w.l(__rtentry2.o)
    0x080001b8   0x080001b8   0x00000006   Code   RO          981    .ARM.Collect$$rtentry$$00000004  c_w.l(__rtentry4.o)
    0x080001be   0x080001be   0x00000000   Code   RO          971    .ARM.Collect$$rtentry$$00000009  c_w.l(__rtentry2.o)
    0x080001be   0x080001be   0x00000004   Code   RO          972    .ARM.Collect$$rtentry$$0000000A  c_w.l(__rtentry2.o)
    0x080001c2   0x080001c2   0x00000000   Code   RO          974    .ARM.Collect$$rtentry$$0000000C  c_w.l(__rtentry2.o)
    0x080001c2   0x080001c2   0x00000008   Code   RO          975    .ARM.Collect$$rtentry$$0000000D  c_w.l(__rtentry2.o)
    0x080001ca   0x080001ca   0x00000002   Code   RO         1002    .ARM.Collect$$rtexit$$00000000  c_w.l(rtexit.o)
    0x080001cc   0x080001cc   0x00000000   Code   RO         1050    .ARM.Collect$$rtexit$$00000002  c_w.l(rtexit2.o)
    0x080001cc   0x080001cc   0x00000004   Code   RO         1051    .ARM.Collect$$rtexit$$00000003  c_w.l(rtexit2.o)
    0x080001d0   0x080001d0   0x00000006   Code   RO         1052    .ARM.Collect$$rtexit$$00000004  c_w.l(rtexit2.o)
    0x080001d6   0x080001d6   0x00000002   PAD
    0x080001d8   0x080001d8   0x000000a8   Code   RO            1    .text               main.o
    0x08000280   0x08000280   0x0000001a   Code   RO          177    .text               stm32f10x_it.o
    0x0800029a   0x0800029a   0x00000002   PAD
    0x0800029c   0x0800029c   0x000001e0   Code   RO          218    .text               system_stm32f10x.o
    0x0800047c   0x0800047c   0x00000040   Code   RO          250    .text               startup_stm32f10x_md.o
    0x080004bc   0x080004bc   0x000000dc   Code   RO          254    .text               misc.o
    0x08000598   0x08000598   0x0000044e   Code   RO          266    .text               stm32f10x_adc.o
    0x080009e6   0x080009e6   0x00000002   PAD
    0x080009e8   0x080009e8   0x000000c4   Code   RO          278    .text               stm32f10x_bkp.o
    0x08000aac   0x08000aac   0x0000011c   Code   RO          362    .text               stm32f10x_exti.o
    0x08000bc8   0x08000bc8   0x0000035c   Code   RO          398    .text               stm32f10x_gpio.o
    0x08000f24   0x08000f24   0x000000cc   Code   RO          434    .text               stm32f10x_pwr.o
    0x08000ff0   0x08000ff0   0x000003a4   Code   RO          446    .text               stm32f10x_rcc.o
    0x08001394   0x08001394   0x00000148   Code   RO          460    .text               stm32f10x_rtc.o
    0x080014dc   0x080014dc   0x00000e1a   Code   RO          496    .text               stm32f10x_tim.o
    0x080022f6   0x080022f6   0x00000002   PAD
    0x080022f8   0x080022f8   0x00000408   Code   RO          508    .text               stm32f10x_usart.o
    0x08002700   0x08002700   0x000000d4   Code   RO          532    .text               delay.o
    0x080027d4   0x080027d4   0x000001c4   Code   RO          562    .text               usart.o
    0x08002998   0x08002998   0x00000104   Code   RO          581    .text               adc.o
    0x08002a9c   0x08002a9c   0x000000e8   Code   RO          593    .text               exti.o
    0x08002b84   0x08002b84   0x00000060   Code   RO          609    .text               key.o
    0x08002be4   0x08002be4   0x000000ec   Code   RO          621    .text               led.o
    0x08002cd0   0x08002cd0   0x000009f4   Code   RO          639    .text               oled.o
    0x080036c4   0x080036c4   0x000007a0   Code   RO          661    .text               oled_gui.o
    0x08003e64   0x08003e64   0x00000038   Code   RO          691    .text               power.o
    0x08003e9c   0x08003e9c   0x00000478   Code   RO          703    .text               rtc.o
    0x08004314   0x08004314   0x00000408   Code   RO          723    .text               sht30.o
    0x0800471c   0x0800471c   0x00000118   Code   RO          742    .text               timer.o
    0x08004834   0x08004834   0x000001c8   Code   RO          757    .text               wb3s.o
    0x080049fc   0x080049fc   0x00000050   Code   RO          769    .text               wkup.o
    0x08004a4c   0x08004a4c   0x0000011c   Code   RO          781    .text               pwm.o
    0x08004b68   0x08004b68   0x0000064c   Code   RO          796    .text               mcu_api.o
    0x080051b4   0x080051b4   0x00000714   Code   RO          812    .text               protocol.o
    0x080058c8   0x080058c8   0x000004dc   Code   RO          830    .text               system.o
    0x08005da4   0x08005da4   0x00000002   Code   RO          852    .text               c_w.l(use_no_semi_2.o)
    0x08005da6   0x08005da6   0x00000002   PAD
    0x08005da8   0x08005da8   0x00000018   Code   RO          854    .text               c_w.l(__2printf.o)
    0x08005dc0   0x08005dc0   0x0000002c   Code   RO          856    .text               c_w.l(__2sprintf.o)
    0x08005dec   0x08005dec   0x00000068   Code   RO          862    .text               c_w.l(__printf.o)
    0x08005e54   0x08005e54   0x00000052   Code   RO          864    .text               c_w.l(_printf_str.o)
    0x08005ea6   0x08005ea6   0x00000002   PAD
    0x08005ea8   0x08005ea8   0x00000078   Code   RO          866    .text               c_w.l(_printf_dec.o)
    0x08005f20   0x08005f20   0x0000004e   Code   RO          891    .text               c_w.l(rt_memclr_w.o)
    0x08005f6e   0x08005f6e   0x00000006   Code   RO          893    .text               c_w.l(heapauxi.o)
    0x08005f74   0x08005f74   0x00000002   Code   RO          945    .text               c_w.l(use_no_semi.o)
    0x08005f76   0x08005f76   0x000000b2   Code   RO          948    .text               c_w.l(_printf_intcommon.o)
    0x08006028   0x08006028   0x00000030   Code   RO          950    .text               c_w.l(_printf_char_common.o)
    0x08006058   0x08006058   0x0000000a   Code   RO          952    .text               c_w.l(_sputc.o)
    0x08006062   0x08006062   0x0000002c   Code   RO          954    .text               c_w.l(_printf_char.o)
    0x0800608e   0x0800608e   0x00000002   PAD
    0x08006090   0x08006090   0x00000024   Code   RO          956    .text               c_w.l(_printf_char_file.o)
    0x080060b4   0x080060b4   0x00000008   Code   RO          985    .text               c_w.l(ferror.o)
    0x080060bc   0x080060bc   0x0000004a   Code   RO          989    .text               c_w.l(sys_stackheap_outer.o)
    0x08006106   0x08006106   0x00000012   Code   RO          991    .text               c_w.l(exit.o)
    0x08006118   0x08006118   0x00000008   Code   RO          999    .text               c_w.l(libspace.o)
    0x08006120   0x08006120   0x00000062   Code   RO          897    x$fpl$d2f           fz_ws.l(d2f.o)
    0x08006182   0x08006182   0x00000002   PAD
    0x08006184   0x08006184   0x00000150   Code   RO          899    x$fpl$dadd          fz_ws.l(daddsub_clz.o)
    0x080062d4   0x080062d4   0x000002b0   Code   RO          906    x$fpl$ddiv          fz_ws.l(ddiv.o)
    0x08006584   0x08006584   0x0000005e   Code   RO          909    x$fpl$dfix          fz_ws.l(dfix.o)
    0x080065e2   0x080065e2   0x00000026   Code   RO          913    x$fpl$dfltu         fz_ws.l(dflt_clz.o)
    0x08006608   0x08006608   0x00000154   Code   RO          919    x$fpl$dmul          fz_ws.l(dmul.o)
    0x0800675c   0x0800675c   0x0000009c   Code   RO          959    x$fpl$dnaninf       fz_ws.l(dnaninf.o)
    0x080067f8   0x080067f8   0x0000000c   Code   RO          961    x$fpl$dretinf       fz_ws.l(dretinf.o)
    0x08006804   0x08006804   0x000001d4   Code   RO          901    x$fpl$dsub          fz_ws.l(daddsub_clz.o)
    0x080069d8   0x080069d8   0x00000056   Code   RO          921    x$fpl$f2d           fz_ws.l(f2d.o)
    0x08006a2e   0x08006a2e   0x00000002   PAD
    0x08006a30   0x08006a30   0x000000c4   Code   RO          923    x$fpl$fadd          fz_ws.l(faddsub_clz.o)
    0x08006af4   0x08006af4   0x00000036   Code   RO          929    x$fpl$ffix          fz_ws.l(ffix.o)
    0x08006b2a   0x08006b2a   0x00000002   PAD
    0x08006b2c   0x08006b2c   0x0000003e   Code   RO          933    x$fpl$ffixu         fz_ws.l(ffixu.o)
    0x08006b6a   0x08006b6a   0x00000002   PAD
    0x08006b6c   0x08006b6c   0x00000030   Code   RO          938    x$fpl$fflt          fz_ws.l(fflt_clz.o)
    0x08006b9c   0x08006b9c   0x00000026   Code   RO          937    x$fpl$ffltu         fz_ws.l(fflt_clz.o)
    0x08006bc2   0x08006bc2   0x00000002   PAD
    0x08006bc4   0x08006bc4   0x00000102   Code   RO          943    x$fpl$fmul          fz_ws.l(fmul.o)
    0x08006cc6   0x08006cc6   0x0000008c   Code   RO          963    x$fpl$fnaninf       fz_ws.l(fnaninf.o)
    0x08006d52   0x08006d52   0x0000000a   Code   RO          965    x$fpl$fretinf       fz_ws.l(fretinf.o)
    0x08006d5c   0x08006d5c   0x00000014   Code   RO          924    x$fpl$frsb          fz_ws.l(faddsub_clz.o)
    0x08006d70   0x08006d70   0x000000ea   Code   RO          925    x$fpl$fsub          fz_ws.l(faddsub_clz.o)
    0x08006e5a   0x08006e5a   0x00000000   Code   RO          967    x$fpl$usenofp       fz_ws.l(usenofp.o)
    0x08006e5a   0x08006e5a   0x000023f7   Data   RO          641    .constdata          oled.o
    0x08009251   0x08009251   0x00000018   Data   RO          705    .constdata          rtc.o
    0x08009269   0x08009269   0x0000000a   Data   RO          813    .constdata          protocol.o
    0x08009273   0x08009273   0x00000001   PAD
    0x08009274   0x08009274   0x00000029   Data   RO          814    .conststring        protocol.o
    0x0800929d   0x0800929d   0x00000003   PAD
    0x080092a0   0x080092a0   0x00000020   Data   RO         1122    Region$$Table       anon$$obj.o


    Execution Region RW_IRAM1 (Exec base: 0x20000000, Load base: 0x080092c0, Size: 0x00001c60, Max: 0x00005000, ABSOLUTE, COMPRESSED[0x00000508])

    Exec Addr    Load Addr    Size         Type   Attr      Idx    E Section Name        Object

    0x20000000   COMPRESSED   0x00000014   Data   RW          219    .data               system_stm32f10x.o
    0x20000014   COMPRESSED   0x00000014   Data   RW          447    .data               stm32f10x_rcc.o
    0x20000028   COMPRESSED   0x00000004   Data   RW          533    .data               delay.o
    0x2000002c   COMPRESSED   0x00000004   Data   RW          563    .data               usart.o
    0x20000030   COMPRESSED   0x00000003   Data   RW          594    .data               exti.o
    0x20000033   COMPRESSED   0x00000001   Data   RW          622    .data               led.o
    0x20000034   COMPRESSED   0x00001037   Data   RW          662    .data               oled_gui.o
    0x2000106b   COMPRESSED   0x00000001   PAD
    0x2000106c   COMPRESSED   0x00000002   Data   RW          706    .data               rtc.o
    0x2000106e   COMPRESSED   0x00000002   PAD
    0x20001070   COMPRESSED   0x00000008   Data   RW          725    .data               sht30.o
    0x20001078   COMPRESSED   0x0000000d   Data   RW          743    .data               timer.o
    0x20001085   COMPRESSED   0x00000002   Data   RW          782    .data               pwm.o
    0x20001087   COMPRESSED   0x00000001   PAD
    0x20001088   COMPRESSED   0x00000002   Data   RW          797    .data               mcu_api.o
    0x2000108a   COMPRESSED   0x00000002   PAD
    0x2000108c   COMPRESSED   0x00000010   Data   RW          815    .data               protocol.o
    0x2000109c   COMPRESSED   0x0000000e   Data   RW          832    .data               system.o
    0x200010aa   COMPRESSED   0x00000002   PAD
    0x200010ac        -       0x00000400   Zero   RW          640    .bss                oled.o
    0x200014ac        -       0x0000000a   Zero   RW          704    .bss                rtc.o
    0x200014b6        -       0x00000145   Zero   RW          831    .bss                system.o
    0x200015fb   COMPRESSED   0x00000001   PAD
    0x200015fc        -       0x00000060   Zero   RW         1000    .bss                c_w.l(libspace.o)
    0x2000165c   COMPRESSED   0x00000004   PAD
    0x20001660        -       0x00000200   Zero   RW          248    HEAP                startup_stm32f10x_md.o
    0x20001860        -       0x00000400   Zero   RW          247    STACK               startup_stm32f10x_md.o


==============================================================================

Image component sizes


      Code (inc. data)   RO Data    RW Data    ZI Data      Debug   Object Name

       260         18          0          0          0       1004   adc.o
         0          0          0          0          0         32   core_cm3.o
       212         18          0          4          0       1119   delay.o
       232         16          0          3          0       1241   exti.o
        96          8          0          0          0        722   key.o
       236         16          0          1          0       1555   led.o
       168          4          0          0          0     264843   main.o
      1612         62          0          2          0       7730   mcu_api.o
       220         22          0          0          0       1873   misc.o
      2548         32       9207          0       1024      10291   oled.o
      1952        360          0       4151          0       3782   oled_gui.o
        56          6          0          0          0        512   power.o
      1812        690         51         16          0       5145   protocol.o
       284         16          0          2          0       1266   pwm.o
      1144         62         24          2         10       4478   rtc.o
      1032         38          0          8          0       3471   sht30.o
        64         26        236          0       1536        812   startup_stm32f10x_md.o
      1102         26          0          0          0      11117   stm32f10x_adc.o
       196          8          0          0          0       3572   stm32f10x_bkp.o
       284         10          0          0          0       2331   stm32f10x_exti.o
       860         38          0          0          0       5809   stm32f10x_gpio.o
        26          0          0          0          0       1218   stm32f10x_it.o
       204         14          0          0          0       1991   stm32f10x_pwr.o
       932         36          0         20          0       9028   stm32f10x_rcc.o
       328          4          0          0          0       2762   stm32f10x_rtc.o
      3610         88          0          0          0      22916   stm32f10x_tim.o
      1032         22          0          0          0       8532   stm32f10x_usart.o
      1244        114          0         14        325       6698   system.o
       480         38          0         20          0       1851   system_stm32f10x.o
       280         32          0         13          0       1243   timer.o
       452         14          0          4          0       4016   usart.o
       456        210          0          0          0        923   wb3s.o
        80          4          0          0          0        815   wkup.o

    ----------------------------------------------------------------------
     23500       2052       9554       4268       2896     394698   Object Totals
         0          0         32          0          0          0   (incl. Generated)
         6          0          4          8          1          0   (incl. Padding)

    ----------------------------------------------------------------------

      Code (inc. data)   RO Data    RW Data    ZI Data      Debug   Library Member Name

        24          4          0          0          0         84   __2printf.o
        44          6          0          0          0         84   __2sprintf.o
        90          0          0          0          0          0   __dczerorl2.o
         8          0          0          0          0         68   __main.o
       104          0          0          0          0         84   __printf.o
         0          0          0          0          0          0   __rtentry.o
        12          0          0          0          0          0   __rtentry2.o
         6          0          0          0          0          0   __rtentry4.o
        52          8          0          0          0          0   __scatter.o
        28          0          0          0          0          0   __scatter_zi.o
        44          0          0          0          0        108   _printf_char.o
        48          6          0          0          0         96   _printf_char_common.o
        36          4          0          0          0         80   _printf_char_file.o
         6          0          0          0          0          0   _printf_d.o
       120         16          0          0          0         92   _printf_dec.o
       178          0          0          0          0         88   _printf_intcommon.o
         0          0          0          0          0          0   _printf_percent.o
         4          0          0          0          0          0   _printf_percent_end.o
         6          0          0          0          0          0   _printf_s.o
        82          0          0          0          0         80   _printf_str.o
        10          0          0          0          0         68   _sputc.o
        18          0          0          0          0         80   exit.o
         8          0          0          0          0         68   ferror.o
         6          0          0          0          0        152   heapauxi.o
         2          0          0          0          0          0   libinit.o
         2          0          0          0          0          0   libinit2.o
         2          0          0          0          0          0   libshutdown.o
         2          0          0          0          0          0   libshutdown2.o
         8          4          0          0         96         68   libspace.o
        78          0          0          0          0         80   rt_memclr_w.o
         2          0          0          0          0          0   rtexit.o
        10          0          0          0          0          0   rtexit2.o
        74          0          0          0          0         80   sys_stackheap_outer.o
         2          0          0          0          0         68   use_no_semi.o
         2          0          0          0          0         68   use_no_semi_2.o
        98          4          0          0          0         92   d2f.o
       804         16          0          0          0        272   daddsub_clz.o
       688        140          0          0          0        208   ddiv.o
        94          4          0          0          0         92   dfix.o
        38          0          0          0          0         68   dflt_clz.o
       340         12          0          0          0        104   dmul.o
       156          4          0          0          0         92   dnaninf.o
        12          0          0          0          0         68   dretinf.o
        86          4          0          0          0         84   f2d.o
       450          8          0          0          0        236   faddsub_clz.o
        54          4          0          0          0         84   ffix.o
        62          4          0          0          0         84   ffixu.o
        86          0          0          0          0        136   fflt_clz.o
       258          4          0          0          0         84   fmul.o
       140          4          0          0          0         84   fnaninf.o
        10          0          0          0          0         68   fretinf.o
         0          0          0          0          0          0   usenofp.o

    ----------------------------------------------------------------------
      4514        256          0          0        100       3452   Library Totals
        20          0          0          0          4          0   (incl. Padding)

    ----------------------------------------------------------------------

      Code (inc. data)   RO Data    RW Data    ZI Data      Debug   Library Name

      1118         48          0          0         96       1596   c_w.l
      3376        208          0          0          0       1856   fz_ws.l

    ----------------------------------------------------------------------
      4514        256          0          0        100       3452   Library Totals

    ----------------------------------------------------------------------

==============================================================================


      Code (inc. data)   RO Data    RW Data    ZI Data      Debug   

     28014       2308       9554       4268       2996     393206   Grand Totals
     28014       2308       9554       1288       2996     393206   ELF Image Totals (compressed)
     28014       2308       9554       1288          0          0   ROM Totals

==============================================================================

    Total RO  Size (Code + RO Data)                37568 (  36.69kB)
    Total RW  Size (RW Data + ZI Data)              7264 (   7.09kB)
    Total ROM Size (Code + RO Data + RW Data)      38856 (  37.95kB)

==============================================================================

